mode: count
github.com/k1LoW/tbls/config/comment.go:19.45,20.23 1 28
github.com/k1LoW/tbls/config/comment.go:20.23,22.3 1 26
github.com/k1LoW/tbls/config/comment.go:26.42,27.14 1 7
github.com/k1LoW/tbls/config/comment.go:27.14,29.3 1 0
github.com/k1LoW/tbls/config/comment.go:32.2,32.23 1 7
github.com/k1LoW/tbls/config/comment.go:32.23,36.3 3 1
github.com/k1LoW/tbls/config/comment.go:39.2,39.27 1 6
github.com/k1LoW/tbls/config/comment.go:39.27,43.3 3 0
github.com/k1LoW/tbls/config/comment.go:46.2,46.36 1 6
github.com/k1LoW/tbls/config/comment.go:46.36,50.3 3 0
github.com/k1LoW/tbls/config/comment.go:53.2,54.40 2 6
github.com/k1LoW/tbls/config/comment.go:54.40,55.42 1 36
github.com/k1LoW/tbls/config/comment.go:55.42,59.4 3 0
github.com/k1LoW/tbls/config/comment.go:63.2,63.44 1 6
github.com/k1LoW/tbls/config/comment.go:63.44,65.3 1 1
github.com/k1LoW/tbls/config/comment.go:67.2,67.12 1 6
github.com/k1LoW/tbls/config/comment.go:71.40,72.14 1 4
github.com/k1LoW/tbls/config/comment.go:72.14,74.3 1 0
github.com/k1LoW/tbls/config/comment.go:76.2,76.23 1 4
github.com/k1LoW/tbls/config/comment.go:76.23,78.3 1 0
github.com/k1LoW/tbls/config/comment.go:81.2,81.27 1 4
github.com/k1LoW/tbls/config/comment.go:81.27,83.3 1 0
github.com/k1LoW/tbls/config/comment.go:86.2,86.36 1 4
github.com/k1LoW/tbls/config/comment.go:86.36,88.3 1 0
github.com/k1LoW/tbls/config/comment.go:91.2,92.40 2 4
github.com/k1LoW/tbls/config/comment.go:92.40,93.42 1 24
github.com/k1LoW/tbls/config/comment.go:93.42,95.4 1 0
github.com/k1LoW/tbls/config/comment.go:98.2,98.13 1 4
github.com/k1LoW/tbls/config/config.go:135.32,136.31 1 0
github.com/k1LoW/tbls/config/config.go:136.31,139.3 2 0
github.com/k1LoW/tbls/config/config.go:143.37,144.31 1 0
github.com/k1LoW/tbls/config/config.go:144.31,147.3 2 0
github.com/k1LoW/tbls/config/config.go:151.33,152.31 1 0
github.com/k1LoW/tbls/config/config.go:152.31,153.13 1 0
github.com/k1LoW/tbls/config/config.go:153.13,155.4 1 0
github.com/k1LoW/tbls/config/config.go:156.3,156.13 1 0
github.com/k1LoW/tbls/config/config.go:161.29,162.31 1 0
github.com/k1LoW/tbls/config/config.go:162.31,163.11 1 0
github.com/k1LoW/tbls/config/config.go:163.11,165.4 1 0
github.com/k1LoW/tbls/config/config.go:166.3,166.13 1 0
github.com/k1LoW/tbls/config/config.go:171.31,172.31 1 0
github.com/k1LoW/tbls/config/config.go:172.31,175.3 2 0
github.com/k1LoW/tbls/config/config.go:179.39,180.31 1 0
github.com/k1LoW/tbls/config/config.go:180.31,181.21 1 0
github.com/k1LoW/tbls/config/config.go:181.21,183.4 1 0
github.com/k1LoW/tbls/config/config.go:184.3,184.13 1 0
github.com/k1LoW/tbls/config/config.go:189.36,190.31 1 0
github.com/k1LoW/tbls/config/config.go:190.31,193.3 2 0
github.com/k1LoW/tbls/config/config.go:197.37,198.31 1 0
github.com/k1LoW/tbls/config/config.go:198.31,199.20 1 0
github.com/k1LoW/tbls/config/config.go:199.20,201.4 1 0
github.com/k1LoW/tbls/config/config.go:202.3,202.13 1 0
github.com/k1LoW/tbls/config/config.go:207.33,208.31 1 0
github.com/k1LoW/tbls/config/config.go:208.31,209.17 1 0
github.com/k1LoW/tbls/config/config.go:209.17,211.4 1 0
github.com/k1LoW/tbls/config/config.go:212.3,212.13 1 0
github.com/k1LoW/tbls/config/config.go:217.33,218.31 1 0
github.com/k1LoW/tbls/config/config.go:218.31,219.17 1 0
github.com/k1LoW/tbls/config/config.go:219.17,221.4 1 0
github.com/k1LoW/tbls/config/config.go:222.3,222.13 1 0
github.com/k1LoW/tbls/config/config.go:227.39,228.31 1 0
github.com/k1LoW/tbls/config/config.go:228.31,229.17 1 0
github.com/k1LoW/tbls/config/config.go:229.17,231.4 1 0
github.com/k1LoW/tbls/config/config.go:232.3,232.13 1 0
github.com/k1LoW/tbls/config/config.go:237.29,240.16 3 25
github.com/k1LoW/tbls/config/config.go:240.16,242.3 1 0
github.com/k1LoW/tbls/config/config.go:243.2,243.16 1 25
github.com/k1LoW/tbls/config/config.go:247.67,248.53 1 2
github.com/k1LoW/tbls/config/config.go:248.53,250.3 1 0
github.com/k1LoW/tbls/config/config.go:252.2,252.40 1 2
github.com/k1LoW/tbls/config/config.go:252.40,254.3 1 0
github.com/k1LoW/tbls/config/config.go:256.2,256.49 1 2
github.com/k1LoW/tbls/config/config.go:256.49,258.3 1 0
github.com/k1LoW/tbls/config/config.go:260.2,260.39 1 2
github.com/k1LoW/tbls/config/config.go:260.39,262.3 1 0
github.com/k1LoW/tbls/config/config.go:264.2,264.37 1 2
github.com/k1LoW/tbls/config/config.go:264.37,266.3 1 0
github.com/k1LoW/tbls/config/config.go:268.2,268.12 1 2
github.com/k1LoW/tbls/config/config.go:272.54,273.33 1 2
github.com/k1LoW/tbls/config/config.go:273.33,274.35 1 0
github.com/k1LoW/tbls/config/config.go:274.35,276.4 1 0
github.com/k1LoW/tbls/config/config.go:278.2,278.12 1 2
github.com/k1LoW/tbls/config/config.go:282.37,283.21 1 27
github.com/k1LoW/tbls/config/config.go:283.21,285.3 1 25
github.com/k1LoW/tbls/config/config.go:287.2,287.23 1 27
github.com/k1LoW/tbls/config/config.go:287.23,289.3 1 25
github.com/k1LoW/tbls/config/config.go:291.2,291.26 1 27
github.com/k1LoW/tbls/config/config.go:291.26,293.3 1 25
github.com/k1LoW/tbls/config/config.go:296.2,296.22 1 27
github.com/k1LoW/tbls/config/config.go:296.22,298.3 1 25
github.com/k1LoW/tbls/config/config.go:299.2,302.23 2 27
github.com/k1LoW/tbls/config/config.go:302.23,304.3 1 25
github.com/k1LoW/tbls/config/config.go:305.2,307.12 2 27
github.com/k1LoW/tbls/config/config.go:310.48,311.17 1 12
github.com/k1LoW/tbls/config/config.go:311.17,313.3 1 0
github.com/k1LoW/tbls/config/config.go:314.2,314.29 1 12
github.com/k1LoW/tbls/config/config.go:314.29,316.3 1 7
github.com/k1LoW/tbls/config/config.go:317.2,318.16 2 5
github.com/k1LoW/tbls/config/config.go:318.16,320.3 1 0
github.com/k1LoW/tbls/config/config.go:321.2,322.16 2 5
github.com/k1LoW/tbls/config/config.go:322.16,324.3 1 0
github.com/k1LoW/tbls/config/config.go:325.2,325.20 1 5
github.com/k1LoW/tbls/config/config.go:325.20,327.3 1 1
github.com/k1LoW/tbls/config/config.go:329.2,329.12 1 4
github.com/k1LoW/tbls/config/config.go:332.35,333.52 1 6
github.com/k1LoW/tbls/config/config.go:333.52,335.3 1 0
github.com/k1LoW/tbls/config/config.go:336.2,336.48 1 6
github.com/k1LoW/tbls/config/config.go:336.48,338.3 1 2
github.com/k1LoW/tbls/config/config.go:339.2,339.33 1 4
github.com/k1LoW/tbls/config/config.go:339.33,340.19 1 0
github.com/k1LoW/tbls/config/config.go:340.19,342.4 1 0
github.com/k1LoW/tbls/config/config.go:343.3,343.19 1 0
github.com/k1LoW/tbls/config/config.go:343.19,345.4 1 0
github.com/k1LoW/tbls/config/config.go:346.3,346.30 1 0
github.com/k1LoW/tbls/config/config.go:346.30,347.20 1 0
github.com/k1LoW/tbls/config/config.go:347.20,349.5 1 0
github.com/k1LoW/tbls/config/config.go:350.4,350.20 1 0
github.com/k1LoW/tbls/config/config.go:350.20,352.5 1 0
github.com/k1LoW/tbls/config/config.go:357.2,357.22 1 4
github.com/k1LoW/tbls/config/config.go:357.22,358.46 1 4
github.com/k1LoW/tbls/config/config.go:358.46,360.4 1 0
github.com/k1LoW/tbls/config/config.go:364.2,364.23 1 4
github.com/k1LoW/tbls/config/config.go:364.23,365.47 1 4
github.com/k1LoW/tbls/config/config.go:365.47,367.4 1 0
github.com/k1LoW/tbls/config/config.go:370.2,370.12 1 4
github.com/k1LoW/tbls/config/config.go:374.38,376.15 2 2
github.com/k1LoW/tbls/config/config.go:376.15,378.3 1 0
github.com/k1LoW/tbls/config/config.go:379.2,380.19 2 2
github.com/k1LoW/tbls/config/config.go:380.19,382.3 1 0
github.com/k1LoW/tbls/config/config.go:383.2,383.12 1 2
github.com/k1LoW/tbls/config/config.go:387.58,388.15 1 5
github.com/k1LoW/tbls/config/config.go:388.15,390.3 1 5
github.com/k1LoW/tbls/config/config.go:391.2,391.47 1 5
github.com/k1LoW/tbls/config/config.go:391.47,393.44 2 1
github.com/k1LoW/tbls/config/config.go:393.44,394.77 1 4
github.com/k1LoW/tbls/config/config.go:394.77,396.5 1 4
github.com/k1LoW/tbls/config/config.go:398.3,398.22 1 1
github.com/k1LoW/tbls/config/config.go:398.22,400.4 1 0
github.com/k1LoW/tbls/config/config.go:401.3,401.21 1 1
github.com/k1LoW/tbls/config/config.go:401.21,403.4 1 1
github.com/k1LoW/tbls/config/config.go:404.3,404.18 1 0
github.com/k1LoW/tbls/config/config.go:407.2,407.16 1 4
github.com/k1LoW/tbls/config/config.go:407.16,409.3 1 0
github.com/k1LoW/tbls/config/config.go:411.2,412.16 2 4
github.com/k1LoW/tbls/config/config.go:412.16,414.3 1 0
github.com/k1LoW/tbls/config/config.go:416.2,417.16 2 4
github.com/k1LoW/tbls/config/config.go:417.16,419.3 1 0
github.com/k1LoW/tbls/config/config.go:420.2,422.26 2 4
github.com/k1LoW/tbls/config/config.go:426.52,427.15 1 4
github.com/k1LoW/tbls/config/config.go:427.15,429.3 1 4
github.com/k1LoW/tbls/config/config.go:432.2,432.73 1 4
github.com/k1LoW/tbls/config/config.go:432.73,434.49 1 0
github.com/k1LoW/tbls/config/config.go:434.49,442.4 5 0
github.com/k1LoW/tbls/config/config.go:443.3,443.87 1 0
github.com/k1LoW/tbls/config/config.go:447.2,447.46 1 4
github.com/k1LoW/tbls/config/config.go:447.46,450.3 2 0
github.com/k1LoW/tbls/config/config.go:452.2,453.12 2 4
github.com/k1LoW/tbls/config/config.go:457.39,458.21 1 0
github.com/k1LoW/tbls/config/config.go:458.21,460.3 1 0
github.com/k1LoW/tbls/config/config.go:461.2,461.23 1 0
github.com/k1LoW/tbls/config/config.go:461.23,463.3 1 0
github.com/k1LoW/tbls/config/config.go:464.2,464.26 1 0
github.com/k1LoW/tbls/config/config.go:464.26,466.3 1 0
github.com/k1LoW/tbls/config/config.go:467.2,467.22 1 0
github.com/k1LoW/tbls/config/config.go:467.22,471.3 1 0
github.com/k1LoW/tbls/config/config.go:472.2,472.23 1 0
github.com/k1LoW/tbls/config/config.go:472.23,475.3 2 0
github.com/k1LoW/tbls/config/config.go:479.44,483.22 2 4
github.com/k1LoW/tbls/config/config.go:483.22,484.27 1 4
github.com/k1LoW/tbls/config/config.go:484.27,487.4 2 0
github.com/k1LoW/tbls/config/config.go:491.2,491.23 1 4
github.com/k1LoW/tbls/config/config.go:491.23,492.28 1 4
github.com/k1LoW/tbls/config/config.go:492.28,496.4 3 0
github.com/k1LoW/tbls/config/config.go:500.2,500.48 1 4
github.com/k1LoW/tbls/config/config.go:500.48,503.3 2 0
github.com/k1LoW/tbls/config/config.go:506.2,506.18 1 4
github.com/k1LoW/tbls/config/config.go:506.18,509.47 3 4
github.com/k1LoW/tbls/config/config.go:509.47,511.26 2 16
github.com/k1LoW/tbls/config/config.go:511.26,512.48 1 16
github.com/k1LoW/tbls/config/config.go:512.48,514.6 1 0
github.com/k1LoW/tbls/config/config.go:517.3,517.28 1 4
github.com/k1LoW/tbls/config/config.go:517.28,519.4 1 0
github.com/k1LoW/tbls/config/config.go:522.2,522.21 1 4
github.com/k1LoW/tbls/config/config.go:522.21,524.3 1 0
github.com/k1LoW/tbls/config/config.go:526.2,526.12 1 4
github.com/k1LoW/tbls/config/config.go:530.55,531.18 1 9
github.com/k1LoW/tbls/config/config.go:531.18,533.3 1 4
github.com/k1LoW/tbls/config/config.go:534.2,534.18 1 9
github.com/k1LoW/tbls/config/config.go:534.18,536.3 1 1
github.com/k1LoW/tbls/config/config.go:538.2,538.29 1 9
github.com/k1LoW/tbls/config/config.go:538.29,540.3 1 0
github.com/k1LoW/tbls/config/config.go:541.2,541.38 1 9
github.com/k1LoW/tbls/config/config.go:541.38,543.3 1 0
github.com/k1LoW/tbls/config/config.go:544.2,544.49 1 9
github.com/k1LoW/tbls/config/config.go:544.49,546.3 1 0
github.com/k1LoW/tbls/config/config.go:547.2,547.42 1 9
github.com/k1LoW/tbls/config/config.go:547.42,549.3 1 0
github.com/k1LoW/tbls/config/config.go:550.2,550.19 1 9
github.com/k1LoW/tbls/config/config.go:550.19,551.34 1 0
github.com/k1LoW/tbls/config/config.go:551.34,553.4 1 0
github.com/k1LoW/tbls/config/config.go:555.2,555.38 1 9
github.com/k1LoW/tbls/config/config.go:555.38,557.17 2 0
github.com/k1LoW/tbls/config/config.go:557.17,559.4 1 0
github.com/k1LoW/tbls/config/config.go:560.3,560.38 1 0
github.com/k1LoW/tbls/config/config.go:562.2,563.45 2 9
github.com/k1LoW/tbls/config/config.go:563.45,565.3 1 0
github.com/k1LoW/tbls/config/config.go:566.2,566.52 1 9
github.com/k1LoW/tbls/config/config.go:566.52,568.3 1 0
github.com/k1LoW/tbls/config/config.go:572.2,572.33 1 9
github.com/k1LoW/tbls/config/config.go:572.33,574.17 2 30
github.com/k1LoW/tbls/config/config.go:574.17,576.4 1 0
github.com/k1LoW/tbls/config/config.go:577.3,581.18 1 30
github.com/k1LoW/tbls/config/config.go:581.18,583.4 1 0
github.com/k1LoW/tbls/config/config.go:584.3,584.54 1 30
github.com/k1LoW/tbls/config/config.go:584.54,586.4 1 0
github.com/k1LoW/tbls/config/config.go:587.3,588.67 2 30
github.com/k1LoW/tbls/config/config.go:588.67,590.4 1 60
github.com/k1LoW/tbls/config/config.go:591.3,591.30 1 30
github.com/k1LoW/tbls/config/config.go:591.30,596.18 2 0
github.com/k1LoW/tbls/config/config.go:596.18,598.5 1 0
github.com/k1LoW/tbls/config/config.go:599.4,606.88 2 0
github.com/k1LoW/tbls/config/config.go:606.88,608.5 1 0
github.com/k1LoW/tbls/config/config.go:609.4,609.22 1 0
github.com/k1LoW/tbls/config/config.go:609.22,611.5 1 0
github.com/k1LoW/tbls/config/config.go:612.4,612.17 1 0
github.com/k1LoW/tbls/config/config.go:614.3,622.5 1 30
github.com/k1LoW/tbls/config/config.go:624.2,624.33 1 9
github.com/k1LoW/tbls/config/config.go:624.33,626.30 1 10
github.com/k1LoW/tbls/config/config.go:626.30,627.31 1 0
github.com/k1LoW/tbls/config/config.go:627.31,628.29 1 0
github.com/k1LoW/tbls/config/config.go:628.29,629.16 1 0
github.com/k1LoW/tbls/config/config.go:631.5,631.33 1 0
github.com/k1LoW/tbls/config/config.go:631.33,632.30 1 0
github.com/k1LoW/tbls/config/config.go:632.30,633.17 1 0
github.com/k1LoW/tbls/config/config.go:637.4,637.73 1 0
github.com/k1LoW/tbls/config/config.go:640.2,640.34 1 9
github.com/k1LoW/tbls/config/config.go:640.34,643.30 1 10
github.com/k1LoW/tbls/config/config.go:643.30,645.18 2 20
github.com/k1LoW/tbls/config/config.go:645.18,647.5 1 0
github.com/k1LoW/tbls/config/config.go:648.4,648.26 1 20
github.com/k1LoW/tbls/config/config.go:648.26,654.5 1 20
github.com/k1LoW/tbls/config/config.go:659.2,659.51 1 9
github.com/k1LoW/tbls/config/config.go:659.51,661.52 2 9
github.com/k1LoW/tbls/config/config.go:661.52,665.4 1 0
github.com/k1LoW/tbls/config/config.go:668.2,668.12 1 9
github.com/k1LoW/tbls/config/config.go:672.62,673.65 1 10
github.com/k1LoW/tbls/config/config.go:673.65,675.3 1 0
github.com/k1LoW/tbls/config/config.go:676.2,676.63 1 10
github.com/k1LoW/tbls/config/config.go:676.63,678.3 1 0
github.com/k1LoW/tbls/config/config.go:679.2,679.12 1 10
github.com/k1LoW/tbls/config/config.go:683.55,690.2 1 38
github.com/k1LoW/tbls/config/config.go:692.56,693.74 1 9
github.com/k1LoW/tbls/config/config.go:693.74,695.3 1 0
github.com/k1LoW/tbls/config/config.go:699.46,701.16 2 4
github.com/k1LoW/tbls/config/config.go:701.16,703.3 1 0
github.com/k1LoW/tbls/config/config.go:704.2,705.11 2 4
github.com/k1LoW/tbls/config/config.go:705.11,707.3 1 3
github.com/k1LoW/tbls/config/config.go:708.2,710.58 3 1
github.com/k1LoW/tbls/config/config.go:713.42,715.2 1 0
github.com/k1LoW/tbls/config/config.go:717.48,718.15 1 3
github.com/k1LoW/tbls/config/config.go:718.15,720.3 1 1
github.com/k1LoW/tbls/config/config.go:721.2,721.30 1 2
github.com/k1LoW/tbls/config/config.go:721.30,723.3 1 1
github.com/k1LoW/tbls/config/config.go:724.2,724.13 1 1
github.com/k1LoW/tbls/config/config.go:727.65,728.33 1 39
github.com/k1LoW/tbls/config/config.go:728.33,730.3 1 36
github.com/k1LoW/tbls/config/config.go:732.2,732.68 1 3
github.com/k1LoW/tbls/config/config.go:732.68,734.3 1 0
github.com/k1LoW/tbls/config/config.go:736.2,736.29 1 3
github.com/k1LoW/tbls/config/config.go:736.29,737.32 1 15
github.com/k1LoW/tbls/config/config.go:737.32,738.99 1 39
github.com/k1LoW/tbls/config/config.go:738.99,741.5 1 10
github.com/k1LoW/tbls/config/config.go:741.10,741.52 1 29
github.com/k1LoW/tbls/config/config.go:741.52,744.5 1 0
github.com/k1LoW/tbls/config/config.go:744.10,746.41 2 29
github.com/k1LoW/tbls/config/config.go:746.41,748.6 1 3
github.com/k1LoW/tbls/config/config.go:749.5,749.42 1 29
github.com/k1LoW/tbls/config/config.go:749.42,751.6 1 3
github.com/k1LoW/tbls/config/config.go:756.2,756.12 1 3
github.com/k1LoW/tbls/config/config.go:759.93,760.15 1 10
github.com/k1LoW/tbls/config/config.go:760.15,762.3 1 10
github.com/k1LoW/tbls/config/config.go:763.2,763.30 1 10
github.com/k1LoW/tbls/config/config.go:763.30,765.17 2 4
github.com/k1LoW/tbls/config/config.go:765.17,767.4 1 0
github.com/k1LoW/tbls/config/config.go:768.3,769.17 2 4
github.com/k1LoW/tbls/config/config.go:769.17,771.4 1 0
github.com/k1LoW/tbls/config/config.go:772.3,777.18 2 4
github.com/k1LoW/tbls/config/config.go:777.18,779.4 1 3
github.com/k1LoW/tbls/config/config.go:779.9,781.4 1 1
github.com/k1LoW/tbls/config/config.go:782.3,783.17 2 4
github.com/k1LoW/tbls/config/config.go:783.17,785.4 1 0
github.com/k1LoW/tbls/config/config.go:786.3,786.31 1 4
github.com/k1LoW/tbls/config/config.go:786.31,788.18 2 4
github.com/k1LoW/tbls/config/config.go:788.18,790.5 1 0
github.com/k1LoW/tbls/config/config.go:791.4,792.69 2 4
github.com/k1LoW/tbls/config/config.go:794.3,795.17 2 4
github.com/k1LoW/tbls/config/config.go:795.17,797.4 1 0
github.com/k1LoW/tbls/config/config.go:798.3,798.37 1 4
github.com/k1LoW/tbls/config/config.go:798.37,800.18 2 4
github.com/k1LoW/tbls/config/config.go:800.18,802.5 1 0
github.com/k1LoW/tbls/config/config.go:803.4,804.67 2 4
github.com/k1LoW/tbls/config/config.go:807.3,807.17 1 4
github.com/k1LoW/tbls/config/config.go:807.17,809.18 2 1
github.com/k1LoW/tbls/config/config.go:809.18,811.5 1 0
github.com/k1LoW/tbls/config/config.go:811.10,815.19 4 1
github.com/k1LoW/tbls/config/config.go:815.19,817.6 1 0
github.com/k1LoW/tbls/config/config.go:818.5,819.19 2 1
github.com/k1LoW/tbls/config/config.go:819.19,821.6 1 0
github.com/k1LoW/tbls/config/config.go:823.9,825.4 1 3
github.com/k1LoW/tbls/config/config.go:827.2,827.12 1 10
github.com/k1LoW/tbls/config/config.go:830.90,831.15 1 10
github.com/k1LoW/tbls/config/config.go:831.15,833.3 1 10
github.com/k1LoW/tbls/config/config.go:834.2,834.29 1 10
github.com/k1LoW/tbls/config/config.go:834.29,836.17 2 2
github.com/k1LoW/tbls/config/config.go:836.17,838.4 1 0
github.com/k1LoW/tbls/config/config.go:839.3,839.27 1 2
github.com/k1LoW/tbls/config/config.go:839.27,841.4 1 1
github.com/k1LoW/tbls/config/config.go:842.3,842.24 1 2
github.com/k1LoW/tbls/config/config.go:842.24,843.31 1 0
github.com/k1LoW/tbls/config/config.go:843.31,845.5 1 0
github.com/k1LoW/tbls/config/config.go:847.3,847.44 1 2
github.com/k1LoW/tbls/config/config.go:847.44,849.18 2 1
github.com/k1LoW/tbls/config/config.go:849.18,851.5 1 0
github.com/k1LoW/tbls/config/config.go:852.4,852.28 1 1
github.com/k1LoW/tbls/config/config.go:854.3,854.41 1 2
github.com/k1LoW/tbls/config/config.go:854.41,856.18 2 1
github.com/k1LoW/tbls/config/config.go:856.18,858.5 1 0
github.com/k1LoW/tbls/config/config.go:859.4,859.29 1 1
github.com/k1LoW/tbls/config/config.go:859.29,861.5 1 2
github.com/k1LoW/tbls/config/config.go:863.3,863.43 1 2
github.com/k1LoW/tbls/config/config.go:863.43,865.18 2 1
github.com/k1LoW/tbls/config/config.go:865.18,867.5 1 0
github.com/k1LoW/tbls/config/config.go:868.4,868.27 1 1
github.com/k1LoW/tbls/config/config.go:870.3,870.48 1 2
github.com/k1LoW/tbls/config/config.go:870.48,872.18 2 1
github.com/k1LoW/tbls/config/config.go:872.18,874.5 1 0
github.com/k1LoW/tbls/config/config.go:875.4,875.32 1 1
github.com/k1LoW/tbls/config/config.go:877.3,877.45 1 2
github.com/k1LoW/tbls/config/config.go:877.45,879.18 2 1
github.com/k1LoW/tbls/config/config.go:879.18,881.5 1 0
github.com/k1LoW/tbls/config/config.go:882.4,882.29 1 1
github.com/k1LoW/tbls/config/config.go:885.2,885.12 1 10
github.com/k1LoW/tbls/config/config.go:888.73,895.29 2 2
github.com/k1LoW/tbls/config/config.go:895.29,896.31 1 4
github.com/k1LoW/tbls/config/config.go:896.31,903.90 2 9
github.com/k1LoW/tbls/config/config.go:903.90,904.13 1 8
github.com/k1LoW/tbls/config/config.go:907.4,907.24 1 1
github.com/k1LoW/tbls/config/config.go:907.24,908.13 1 0
github.com/k1LoW/tbls/config/config.go:911.4,913.112 2 1
github.com/k1LoW/tbls/config/config.go:913.112,914.13 1 0
github.com/k1LoW/tbls/config/config.go:917.4,920.86 3 1
github.com/k1LoW/tbls/config/config.go:920.86,922.13 1 0
github.com/k1LoW/tbls/config/config.go:925.4,927.47 3 1
github.com/k1LoW/tbls/config/config.go:932.52,933.22 1 1526
github.com/k1LoW/tbls/config/config.go:933.22,934.33 1 651
github.com/k1LoW/tbls/config/config.go:934.33,936.4 1 142
github.com/k1LoW/tbls/config/config.go:938.2,938.17 1 1384
github.com/k1LoW/tbls/config/config.go:942.48,943.32 1 9
github.com/k1LoW/tbls/config/config.go:943.32,945.49 1 29
github.com/k1LoW/tbls/config/config.go:945.49,948.32 3 2
github.com/k1LoW/tbls/config/config.go:948.32,950.5 1 2
github.com/k1LoW/tbls/config/config.go:951.3,952.42 1 2
github.com/k1LoW/tbls/config/config.go:952.42,953.39 1 6
github.com/k1LoW/tbls/config/config.go:953.39,954.14 1 0
github.com/k1LoW/tbls/config/config.go:956.5,956.34 1 6
github.com/k1LoW/tbls/config/config.go:956.34,957.35 1 6
github.com/k1LoW/tbls/config/config.go:957.35,958.18 1 4
github.com/k1LoW/tbls/config/config.go:961.5,961.118 1 2
github.com/k1LoW/tbls/config/config.go:961.118,963.6 1 2
github.com/k1LoW/tbls/config/config.go:965.4,965.14 1 2
github.com/k1LoW/tbls/config/config.go:965.14,967.5 1 2
github.com/k1LoW/tbls/config/config.go:967.10,969.5 1 0
github.com/k1LoW/tbls/config/config.go:973.3,973.55 1 29
github.com/k1LoW/tbls/config/config.go:973.55,976.32 2 2
github.com/k1LoW/tbls/config/config.go:976.32,977.20 1 2
github.com/k1LoW/tbls/config/config.go:977.20,979.6 1 2
github.com/k1LoW/tbls/config/config.go:982.4,982.16 1 2
github.com/k1LoW/tbls/config/config.go:982.16,984.5 1 0
github.com/k1LoW/tbls/config/config.go:984.10,986.5 1 2
github.com/k1LoW/tbls/config/config.go:989.2,989.12 1 9
github.com/k1LoW/tbls/config/config.go:992.41,993.29 1 9
github.com/k1LoW/tbls/config/config.go:993.29,995.31 1 45
github.com/k1LoW/tbls/config/config.go:995.31,996.43 1 27
github.com/k1LoW/tbls/config/config.go:996.43,997.13 1 27
github.com/k1LoW/tbls/config/config.go:999.4,999.32 1 0
github.com/k1LoW/tbls/config/config.go:999.32,1001.19 2 0
github.com/k1LoW/tbls/config/config.go:1001.19,1003.6 1 0
github.com/k1LoW/tbls/config/config.go:1004.5,1004.21 1 0
github.com/k1LoW/tbls/config/config.go:1008.3,1008.31 1 45
github.com/k1LoW/tbls/config/config.go:1008.31,1009.43 1 117
github.com/k1LoW/tbls/config/config.go:1009.43,1011.5 1 27
github.com/k1LoW/tbls/config/config.go:1014.2,1014.12 1 9
github.com/k1LoW/tbls/config/config.go:1017.39,1020.2 2 1526
github.com/k1LoW/tbls/config/lint.go:49.47,51.2 1 20
github.com/k1LoW/tbls/config/lint.go:54.83,56.20 2 20
github.com/k1LoW/tbls/config/lint.go:56.20,58.3 1 4
github.com/k1LoW/tbls/config/lint.go:59.2,64.29 4 16
github.com/k1LoW/tbls/config/lint.go:64.29,65.29 1 48
github.com/k1LoW/tbls/config/lint.go:65.29,66.12 1 8
github.com/k1LoW/tbls/config/lint.go:68.3,68.24 1 40
github.com/k1LoW/tbls/config/lint.go:68.24,69.12 1 4
github.com/k1LoW/tbls/config/lint.go:71.3,71.22 1 36
github.com/k1LoW/tbls/config/lint.go:71.22,76.12 2 20
github.com/k1LoW/tbls/config/lint.go:78.3,78.19 1 16
github.com/k1LoW/tbls/config/lint.go:80.2,80.34 1 16
github.com/k1LoW/tbls/config/lint.go:80.34,82.3 1 4
github.com/k1LoW/tbls/config/lint.go:83.2,83.14 1 12
github.com/k1LoW/tbls/config/lint.go:95.48,97.2 1 36
github.com/k1LoW/tbls/config/lint.go:100.84,102.20 2 36
github.com/k1LoW/tbls/config/lint.go:102.20,104.3 1 4
github.com/k1LoW/tbls/config/lint.go:105.2,110.29 4 32
github.com/k1LoW/tbls/config/lint.go:110.29,111.29 1 96
github.com/k1LoW/tbls/config/lint.go:111.29,112.12 1 4
github.com/k1LoW/tbls/config/lint.go:114.3,114.24 1 92
github.com/k1LoW/tbls/config/lint.go:114.24,115.12 1 4
github.com/k1LoW/tbls/config/lint.go:117.3,117.31 1 88
github.com/k1LoW/tbls/config/lint.go:117.31,119.60 2 240
github.com/k1LoW/tbls/config/lint.go:119.60,120.13 1 16
github.com/k1LoW/tbls/config/lint.go:122.4,122.23 1 224
github.com/k1LoW/tbls/config/lint.go:122.23,127.13 2 116
github.com/k1LoW/tbls/config/lint.go:129.4,129.20 1 108
github.com/k1LoW/tbls/config/lint.go:132.2,132.34 1 32
github.com/k1LoW/tbls/config/lint.go:132.34,134.3 1 8
github.com/k1LoW/tbls/config/lint.go:135.2,135.14 1 24
github.com/k1LoW/tbls/config/lint.go:147.47,149.2 1 24
github.com/k1LoW/tbls/config/lint.go:152.83,154.20 2 24
github.com/k1LoW/tbls/config/lint.go:154.20,156.3 1 4
github.com/k1LoW/tbls/config/lint.go:157.2,162.29 4 20
github.com/k1LoW/tbls/config/lint.go:162.29,163.29 1 60
github.com/k1LoW/tbls/config/lint.go:163.29,164.12 1 4
github.com/k1LoW/tbls/config/lint.go:166.3,166.24 1 56
github.com/k1LoW/tbls/config/lint.go:166.24,167.12 1 4
github.com/k1LoW/tbls/config/lint.go:169.3,169.31 1 52
github.com/k1LoW/tbls/config/lint.go:169.31,171.60 2 12
github.com/k1LoW/tbls/config/lint.go:171.60,172.13 1 8
github.com/k1LoW/tbls/config/lint.go:174.4,174.23 1 4
github.com/k1LoW/tbls/config/lint.go:174.23,179.13 2 4
github.com/k1LoW/tbls/config/lint.go:181.4,181.20 1 0
github.com/k1LoW/tbls/config/lint.go:184.2,184.34 1 20
github.com/k1LoW/tbls/config/lint.go:184.34,186.3 1 10
github.com/k1LoW/tbls/config/lint.go:187.2,187.14 1 10
github.com/k1LoW/tbls/config/lint.go:199.52,201.2 1 24
github.com/k1LoW/tbls/config/lint.go:204.88,206.20 2 24
github.com/k1LoW/tbls/config/lint.go:206.20,208.3 1 4
github.com/k1LoW/tbls/config/lint.go:209.2,214.29 4 20
github.com/k1LoW/tbls/config/lint.go:214.29,215.29 1 60
github.com/k1LoW/tbls/config/lint.go:215.29,216.12 1 4
github.com/k1LoW/tbls/config/lint.go:218.3,218.24 1 56
github.com/k1LoW/tbls/config/lint.go:218.24,219.12 1 0
github.com/k1LoW/tbls/config/lint.go:221.3,221.35 1 56
github.com/k1LoW/tbls/config/lint.go:221.35,223.60 2 32
github.com/k1LoW/tbls/config/lint.go:223.60,224.13 1 12
github.com/k1LoW/tbls/config/lint.go:226.4,226.23 1 20
github.com/k1LoW/tbls/config/lint.go:226.23,231.13 2 16
github.com/k1LoW/tbls/config/lint.go:233.4,233.20 1 4
github.com/k1LoW/tbls/config/lint.go:236.2,236.34 1 20
github.com/k1LoW/tbls/config/lint.go:236.34,238.3 1 8
github.com/k1LoW/tbls/config/lint.go:239.2,239.14 1 12
github.com/k1LoW/tbls/config/lint.go:251.49,253.2 1 24
github.com/k1LoW/tbls/config/lint.go:256.85,258.20 2 24
github.com/k1LoW/tbls/config/lint.go:258.20,260.3 1 4
github.com/k1LoW/tbls/config/lint.go:261.2,266.29 4 20
github.com/k1LoW/tbls/config/lint.go:266.29,267.29 1 60
github.com/k1LoW/tbls/config/lint.go:267.29,268.12 1 4
github.com/k1LoW/tbls/config/lint.go:270.3,270.24 1 56
github.com/k1LoW/tbls/config/lint.go:270.24,271.12 1 4
github.com/k1LoW/tbls/config/lint.go:273.3,273.35 1 52
github.com/k1LoW/tbls/config/lint.go:273.35,275.63 2 24
github.com/k1LoW/tbls/config/lint.go:275.63,276.13 1 8
github.com/k1LoW/tbls/config/lint.go:278.4,278.26 1 16
github.com/k1LoW/tbls/config/lint.go:278.26,283.13 2 10
github.com/k1LoW/tbls/config/lint.go:285.4,285.20 1 6
github.com/k1LoW/tbls/config/lint.go:288.2,288.34 1 20
github.com/k1LoW/tbls/config/lint.go:288.34,290.3 1 7
github.com/k1LoW/tbls/config/lint.go:291.2,291.14 1 13
github.com/k1LoW/tbls/config/lint.go:302.46,304.2 1 7
github.com/k1LoW/tbls/config/lint.go:307.82,309.20 2 7
github.com/k1LoW/tbls/config/lint.go:309.20,311.3 1 1
github.com/k1LoW/tbls/config/lint.go:312.2,317.29 4 6
github.com/k1LoW/tbls/config/lint.go:317.29,318.29 1 18
github.com/k1LoW/tbls/config/lint.go:318.29,319.12 1 4
github.com/k1LoW/tbls/config/lint.go:321.3,321.24 1 14
github.com/k1LoW/tbls/config/lint.go:321.24,322.12 1 4
github.com/k1LoW/tbls/config/lint.go:324.3,324.25 1 10
github.com/k1LoW/tbls/config/lint.go:324.25,330.12 3 6
github.com/k1LoW/tbls/config/lint.go:332.3,332.17 1 4
github.com/k1LoW/tbls/config/lint.go:335.2,335.32 1 6
github.com/k1LoW/tbls/config/lint.go:335.32,337.3 1 2
github.com/k1LoW/tbls/config/lint.go:338.2,338.14 1 4
github.com/k1LoW/tbls/config/lint.go:349.42,351.2 1 28
github.com/k1LoW/tbls/config/lint.go:354.78,356.20 2 28
github.com/k1LoW/tbls/config/lint.go:356.20,358.3 1 4
github.com/k1LoW/tbls/config/lint.go:359.2,364.29 5 24
github.com/k1LoW/tbls/config/lint.go:364.29,365.29 1 72
github.com/k1LoW/tbls/config/lint.go:365.29,366.12 1 8
github.com/k1LoW/tbls/config/lint.go:368.3,368.24 1 64
github.com/k1LoW/tbls/config/lint.go:368.24,369.12 1 12
github.com/k1LoW/tbls/config/lint.go:371.3,371.17 1 52
github.com/k1LoW/tbls/config/lint.go:373.2,374.33 2 24
github.com/k1LoW/tbls/config/lint.go:374.33,377.3 2 12
github.com/k1LoW/tbls/config/lint.go:378.2,379.21 2 24
github.com/k1LoW/tbls/config/lint.go:379.21,381.3 1 12
github.com/k1LoW/tbls/config/lint.go:382.2,382.17 1 24
github.com/k1LoW/tbls/config/lint.go:382.17,384.24 2 16
github.com/k1LoW/tbls/config/lint.go:384.24,386.4 1 30
github.com/k1LoW/tbls/config/lint.go:387.3,390.5 1 16
github.com/k1LoW/tbls/config/lint.go:392.2,392.32 1 24
github.com/k1LoW/tbls/config/lint.go:392.32,394.3 1 6
github.com/k1LoW/tbls/config/lint.go:395.2,395.14 1 18
github.com/k1LoW/tbls/config/lint.go:406.39,408.2 1 6
github.com/k1LoW/tbls/config/lint.go:411.75,413.20 2 6
github.com/k1LoW/tbls/config/lint.go:413.20,415.3 1 1
github.com/k1LoW/tbls/config/lint.go:416.2,419.29 3 5
github.com/k1LoW/tbls/config/lint.go:419.29,420.29 1 15
github.com/k1LoW/tbls/config/lint.go:420.29,421.12 1 2
github.com/k1LoW/tbls/config/lint.go:423.3,423.24 1 13
github.com/k1LoW/tbls/config/lint.go:423.24,424.12 1 2
github.com/k1LoW/tbls/config/lint.go:426.3,426.29 1 11
github.com/k1LoW/tbls/config/lint.go:426.29,431.4 1 1
github.com/k1LoW/tbls/config/lint.go:433.2,433.14 1 5
github.com/k1LoW/tbls/config/lint.go:449.42,451.2 1 6
github.com/k1LoW/tbls/config/lint.go:454.78,456.20 2 6
github.com/k1LoW/tbls/config/lint.go:456.20,458.3 1 1
github.com/k1LoW/tbls/config/lint.go:459.2,459.29 1 5
github.com/k1LoW/tbls/config/lint.go:459.29,460.29 1 15
github.com/k1LoW/tbls/config/lint.go:460.29,461.12 1 1
github.com/k1LoW/tbls/config/lint.go:463.3,463.32 1 14
github.com/k1LoW/tbls/config/lint.go:463.32,465.33 2 28
github.com/k1LoW/tbls/config/lint.go:465.33,467.5 1 12
github.com/k1LoW/tbls/config/lint.go:468.4,468.15 1 28
github.com/k1LoW/tbls/config/lint.go:468.15,469.13 1 12
github.com/k1LoW/tbls/config/lint.go:471.4,473.32 3 16
github.com/k1LoW/tbls/config/lint.go:473.32,474.26 1 36
github.com/k1LoW/tbls/config/lint.go:474.26,476.6 1 8
github.com/k1LoW/tbls/config/lint.go:478.4,478.15 1 16
github.com/k1LoW/tbls/config/lint.go:478.15,483.5 1 8
github.com/k1LoW/tbls/config/lint.go:486.2,486.14 1 5
github.com/k1LoW/tbls/config/lint.go:495.46,497.2 1 4
github.com/k1LoW/tbls/config/lint.go:500.82,502.20 2 4
github.com/k1LoW/tbls/config/lint.go:502.20,504.3 1 1
github.com/k1LoW/tbls/config/lint.go:505.2,508.32 3 3
github.com/k1LoW/tbls/config/lint.go:508.32,509.35 1 9
github.com/k1LoW/tbls/config/lint.go:509.35,510.12 1 4
github.com/k1LoW/tbls/config/lint.go:512.3,512.41 1 5
github.com/k1LoW/tbls/config/lint.go:512.41,513.12 1 0
github.com/k1LoW/tbls/config/lint.go:515.3,517.31 3 5
github.com/k1LoW/tbls/config/lint.go:517.31,519.4 1 5
github.com/k1LoW/tbls/config/lint.go:520.3,520.49 1 5
github.com/k1LoW/tbls/config/lint.go:520.49,520.83 1 0
github.com/k1LoW/tbls/config/lint.go:521.3,521.37 1 5
github.com/k1LoW/tbls/config/lint.go:521.37,523.4 1 5
github.com/k1LoW/tbls/config/lint.go:524.3,524.55 1 5
github.com/k1LoW/tbls/config/lint.go:524.55,524.101 1 0
github.com/k1LoW/tbls/config/lint.go:526.3,527.36 2 5
github.com/k1LoW/tbls/config/lint.go:527.36,532.4 1 1
github.com/k1LoW/tbls/config/lint.go:533.3,533.24 1 5
github.com/k1LoW/tbls/config/lint.go:536.2,536.14 1 3
github.com/k1LoW/tbls/config/lint.go:546.50,548.2 1 7
github.com/k1LoW/tbls/config/lint.go:551.86,553.20 2 7
github.com/k1LoW/tbls/config/lint.go:553.20,555.3 1 1
github.com/k1LoW/tbls/config/lint.go:556.2,558.29 2 6
github.com/k1LoW/tbls/config/lint.go:558.29,559.29 1 18
github.com/k1LoW/tbls/config/lint.go:559.29,560.12 1 2
github.com/k1LoW/tbls/config/lint.go:562.3,562.35 1 16
github.com/k1LoW/tbls/config/lint.go:562.35,563.31 1 8
github.com/k1LoW/tbls/config/lint.go:563.31,564.13 1 4
github.com/k1LoW/tbls/config/lint.go:566.4,566.33 1 4
github.com/k1LoW/tbls/config/lint.go:566.33,568.57 2 4
github.com/k1LoW/tbls/config/lint.go:568.57,569.14 1 3
github.com/k1LoW/tbls/config/lint.go:571.5,572.33 2 1
github.com/k1LoW/tbls/config/lint.go:572.33,573.35 1 1
github.com/k1LoW/tbls/config/lint.go:573.35,574.19 1 1
github.com/k1LoW/tbls/config/lint.go:574.19,576.8 1 0
github.com/k1LoW/tbls/config/lint.go:579.5,579.15 1 1
github.com/k1LoW/tbls/config/lint.go:579.15,584.6 1 1
github.com/k1LoW/tbls/config/lint.go:589.2,589.14 1 6
github.com/k1LoW/tbls/config/lint.go:599.46,601.2 1 3
github.com/k1LoW/tbls/config/lint.go:604.82,606.20 2 3
github.com/k1LoW/tbls/config/lint.go:606.20,608.3 1 1
github.com/k1LoW/tbls/config/lint.go:609.2,612.29 3 2
github.com/k1LoW/tbls/config/lint.go:612.29,613.39 1 2
github.com/k1LoW/tbls/config/lint.go:613.39,619.4 2 2
github.com/k1LoW/tbls/config/lint.go:622.2,623.29 2 2
github.com/k1LoW/tbls/config/lint.go:623.29,624.29 1 6
github.com/k1LoW/tbls/config/lint.go:624.29,625.12 1 1
github.com/k1LoW/tbls/config/lint.go:627.3,627.24 1 5
github.com/k1LoW/tbls/config/lint.go:627.24,628.12 1 0
github.com/k1LoW/tbls/config/lint.go:630.3,630.30 1 5
github.com/k1LoW/tbls/config/lint.go:630.30,631.40 1 1
github.com/k1LoW/tbls/config/lint.go:631.40,637.5 2 1
github.com/k1LoW/tbls/config/lint.go:641.2,641.14 1 2
github.com/k1LoW/tbls/config/lint.go:647.49,648.36 1 18
github.com/k1LoW/tbls/config/lint.go:648.36,650.3 1 4
github.com/k1LoW/tbls/config/lint.go:651.2,654.32 4 14
github.com/k1LoW/tbls/config/lint.go:654.32,656.3 1 1
github.com/k1LoW/tbls/config/lint.go:657.2,657.17 1 13
github.com/k1LoW/tbls/config/lint.go:657.17,659.3 1 0
github.com/k1LoW/tbls/config/lint.go:660.2,660.45 1 13
github.com/k1LoW/tbls/config/lint.go:660.45,662.3 1 5
github.com/k1LoW/tbls/config/lint.go:663.2,663.47 1 8
github.com/k1LoW/tbls/config/lint.go:663.47,665.3 1 1
github.com/k1LoW/tbls/config/lint.go:666.2,666.13 1 7
github.com/k1LoW/tbls/config/lint.go:676.45,678.2 1 5
github.com/k1LoW/tbls/config/lint.go:681.81,683.20 2 5
github.com/k1LoW/tbls/config/lint.go:683.20,685.3 1 1
github.com/k1LoW/tbls/config/lint.go:686.2,689.29 2 4
github.com/k1LoW/tbls/config/lint.go:689.29,690.29 1 12
github.com/k1LoW/tbls/config/lint.go:690.29,691.12 1 2
github.com/k1LoW/tbls/config/lint.go:694.3,694.31 1 10
github.com/k1LoW/tbls/config/lint.go:694.31,695.12 1 1
github.com/k1LoW/tbls/config/lint.go:698.3,698.34 1 9
github.com/k1LoW/tbls/config/lint.go:698.34,699.32 1 9
github.com/k1LoW/tbls/config/lint.go:699.32,700.21 1 9
github.com/k1LoW/tbls/config/lint.go:700.21,701.16 1 4
github.com/k1LoW/tbls/config/lint.go:705.3,708.5 1 5
github.com/k1LoW/tbls/config/lint.go:711.2,711.14 1 4
github.com/k1LoW/tbls/config/markdown.go:42.82,43.15 1 5
github.com/k1LoW/tbls/config/markdown.go:43.15,45.3 1 0
github.com/k1LoW/tbls/config/markdown.go:47.2,47.37 1 5
github.com/k1LoW/tbls/config/markdown.go:48.18,49.21 1 1
github.com/k1LoW/tbls/config/markdown.go:50.27,51.20 1 0
github.com/k1LoW/tbls/config/markdown.go:52.25,53.23 1 3
github.com/k1LoW/tbls/config/markdown.go:53.23,55.4 1 3
github.com/k1LoW/tbls/config/markdown.go:56.3,56.13 1 0
github.com/k1LoW/tbls/config/markdown.go:57.27,58.24 1 0
github.com/k1LoW/tbls/config/markdown.go:58.24,60.4 1 0
github.com/k1LoW/tbls/config/markdown.go:61.3,61.13 1 0
github.com/k1LoW/tbls/config/markdown.go:62.23,63.18 1 0
github.com/k1LoW/tbls/config/markdown.go:64.26,65.20 1 0
github.com/k1LoW/tbls/config/markdown.go:66.35,67.24 1 0
github.com/k1LoW/tbls/config/markdown.go:68.31,69.22 1 0
github.com/k1LoW/tbls/config/markdown.go:70.10,71.23 1 1
github.com/k1LoW/tbls/config/markdown.go:71.23,73.4 1 0
github.com/k1LoW/tbls/config/markdown.go:74.3,74.13 1 1
github.com/k1LoW/tbls/config/markdown.go:79.88,80.64 1 4
github.com/k1LoW/tbls/config/markdown.go:80.64,82.3 1 0
github.com/k1LoW/tbls/config/markdown.go:83.2,83.38 1 4
github.com/k1LoW/tbls/config/markdown.go:87.89,88.66 1 0
github.com/k1LoW/tbls/config/markdown.go:88.66,90.3 1 0
github.com/k1LoW/tbls/config/markdown.go:91.2,91.39 1 0
github.com/k1LoW/tbls/config/markdown.go:96.99,103.37 3 2
github.com/k1LoW/tbls/config/markdown.go:104.25,105.59 1 2
github.com/k1LoW/tbls/config/markdown.go:106.27,107.60 1 0
github.com/k1LoW/tbls/config/markdown.go:111.2,111.57 1 2
github.com/k1LoW/tbls/config/markdown.go:116.83,117.38 1 2
github.com/k1LoW/tbls/config/markdown.go:117.38,119.3 1 0
github.com/k1LoW/tbls/config/markdown.go:120.2,120.19 1 2
github.com/k1LoW/tbls/config/markdown.go:120.19,122.3 1 0
github.com/k1LoW/tbls/config/markdown.go:123.2,123.21 1 2
github.com/k1LoW/tbls/config/markdown.go:123.21,125.3 1 1
github.com/k1LoW/tbls/config/markdown.go:127.2,135.35 3 1
github.com/k1LoW/tbls/config/markdown.go:135.35,137.3 1 1
github.com/k1LoW/tbls/config/markdown.go:140.2,140.56 1 1
github.com/k1LoW/tbls/config/markdown.go:140.56,142.3 1 1
github.com/k1LoW/tbls/config/markdown.go:143.2,143.29 1 1
github.com/k1LoW/tbls/config/markdown.go:143.29,146.3 2 1
github.com/k1LoW/tbls/config/markdown.go:147.2,147.37 1 1
github.com/k1LoW/tbls/config/markdown.go:147.37,149.3 1 0
github.com/k1LoW/tbls/config/markdown.go:151.2,151.15 1 1
github.com/k1LoW/tbls/config/markdown.go:155.44,156.15 1 9
github.com/k1LoW/tbls/config/markdown.go:156.15,158.3 1 1
github.com/k1LoW/tbls/config/markdown.go:160.2,164.24 3 8
github.com/k1LoW/tbls/config/markdown.go:164.24,165.91 1 4
github.com/k1LoW/tbls/config/markdown.go:165.91,167.4 1 0
github.com/k1LoW/tbls/config/markdown.go:171.2,171.23 1 8
github.com/k1LoW/tbls/config/markdown.go:171.23,172.89 1 4
github.com/k1LoW/tbls/config/markdown.go:172.89,174.4 1 0
github.com/k1LoW/tbls/config/markdown.go:178.2,178.22 1 8
github.com/k1LoW/tbls/config/markdown.go:178.22,179.42 1 8
github.com/k1LoW/tbls/config/markdown.go:179.42,180.107 1 8
github.com/k1LoW/tbls/config/markdown.go:180.107,182.5 1 3
github.com/k1LoW/tbls/config/markdown.go:184.3,184.53 1 8
github.com/k1LoW/tbls/config/markdown.go:184.53,185.21 1 0
github.com/k1LoW/tbls/config/markdown.go:185.21,186.122 1 0
github.com/k1LoW/tbls/config/markdown.go:186.122,188.6 1 0
github.com/k1LoW/tbls/config/markdown.go:194.2,194.23 1 8
github.com/k1LoW/tbls/config/markdown.go:194.23,195.43 1 4
github.com/k1LoW/tbls/config/markdown.go:195.43,196.109 1 4
github.com/k1LoW/tbls/config/markdown.go:196.109,198.5 1 0
github.com/k1LoW/tbls/config/markdown.go:200.3,200.54 1 4
github.com/k1LoW/tbls/config/markdown.go:200.54,201.21 1 0
github.com/k1LoW/tbls/config/markdown.go:201.21,202.123 1 0
github.com/k1LoW/tbls/config/markdown.go:202.123,204.6 1 0
github.com/k1LoW/tbls/config/markdown.go:210.2,210.21 1 8
github.com/k1LoW/tbls/config/markdown.go:210.21,211.85 1 4
github.com/k1LoW/tbls/config/markdown.go:211.85,213.4 1 0
github.com/k1LoW/tbls/config/markdown.go:217.2,217.23 1 8
github.com/k1LoW/tbls/config/markdown.go:217.23,218.89 1 4
github.com/k1LoW/tbls/config/markdown.go:218.89,220.4 1 0
github.com/k1LoW/tbls/config/markdown.go:224.2,224.27 1 8
github.com/k1LoW/tbls/config/markdown.go:224.27,225.97 1 4
github.com/k1LoW/tbls/config/markdown.go:225.97,227.4 1 0
github.com/k1LoW/tbls/config/markdown.go:231.2,231.25 1 8
github.com/k1LoW/tbls/config/markdown.go:231.25,232.93 1 4
github.com/k1LoW/tbls/config/markdown.go:232.93,234.4 1 0
github.com/k1LoW/tbls/config/markdown.go:238.2,238.44 1 8
github.com/k1LoW/tbls/config/markdown.go:238.44,239.20 1 0
github.com/k1LoW/tbls/config/markdown.go:239.20,240.113 1 0
github.com/k1LoW/tbls/config/markdown.go:240.113,242.5 1 0
github.com/k1LoW/tbls/config/markdown.go:247.2,247.35 1 8
github.com/k1LoW/tbls/config/markdown.go:247.35,249.3 1 3
github.com/k1LoW/tbls/config/markdown.go:251.2,251.15 1 8
github.com/k1LoW/tbls/config/markdown.go:251.15,253.3 1 0
github.com/k1LoW/tbls/config/markdown.go:255.2,255.12 1 8
github.com/k1LoW/tbls/config/markdown.go:259.92,260.19 1 36
github.com/k1LoW/tbls/config/markdown.go:260.19,262.3 1 0
github.com/k1LoW/tbls/config/markdown.go:264.2,270.37 4 36
github.com/k1LoW/tbls/config/markdown.go:270.37,271.18 1 142
github.com/k1LoW/tbls/config/markdown.go:271.18,273.12 2 0
github.com/k1LoW/tbls/config/markdown.go:277.3,277.31 1 142
github.com/k1LoW/tbls/config/markdown.go:277.31,279.12 2 0
github.com/k1LoW/tbls/config/markdown.go:282.3,282.18 1 142
github.com/k1LoW/tbls/config/markdown.go:282.18,284.12 2 1
github.com/k1LoW/tbls/config/markdown.go:287.3,288.41 2 141
github.com/k1LoW/tbls/config/markdown.go:292.2,296.41 3 36
github.com/k1LoW/tbls/config/markdown.go:296.41,297.16 1 3
github.com/k1LoW/tbls/config/markdown.go:297.16,299.12 2 1
github.com/k1LoW/tbls/config/markdown.go:301.3,301.18 1 2
github.com/k1LoW/tbls/config/markdown.go:301.18,303.12 2 1
github.com/k1LoW/tbls/config/markdown.go:307.3,307.57 1 1
github.com/k1LoW/tbls/config/markdown.go:307.57,309.12 2 0
github.com/k1LoW/tbls/config/markdown.go:312.3,312.28 1 1
github.com/k1LoW/tbls/config/markdown.go:316.2,318.17 2 36
github.com/k1LoW/tbls/config/markdown.go:322.77,324.23 2 0
github.com/k1LoW/tbls/config/markdown.go:324.23,326.3 1 0
github.com/k1LoW/tbls/config/markdown.go:327.2,327.12 1 0
github.com/k1LoW/tbls/config/markdown.go:331.42,332.15 1 8
github.com/k1LoW/tbls/config/markdown.go:332.15,334.3 1 1
github.com/k1LoW/tbls/config/markdown.go:337.2,341.22 2 7
github.com/k1LoW/tbls/config/markdown.go:341.22,343.45 2 7
github.com/k1LoW/tbls/config/markdown.go:343.45,345.4 1 0
github.com/k1LoW/tbls/config/markdown.go:348.2,348.23 1 7
github.com/k1LoW/tbls/config/markdown.go:348.23,350.46 2 4
github.com/k1LoW/tbls/config/markdown.go:350.46,352.4 1 0
github.com/k1LoW/tbls/config/markdown.go:355.2,355.35 1 7
github.com/k1LoW/tbls/config/markdown.go:355.35,357.3 1 0
github.com/k1LoW/tbls/config/markdown.go:359.2,359.33 1 7
github.com/k1LoW/tbls/config/markdown.go:359.33,360.35 1 53
github.com/k1LoW/tbls/config/markdown.go:360.35,362.4 1 2
github.com/k1LoW/tbls/config/markdown.go:365.2,365.13 1 5
github.com/k1LoW/tbls/config/markdown.go:369.59,370.19 1 53
github.com/k1LoW/tbls/config/markdown.go:370.19,372.3 1 18
github.com/k1LoW/tbls/config/markdown.go:375.2,376.37 2 35
github.com/k1LoW/tbls/config/markdown.go:376.37,377.46 1 141
github.com/k1LoW/tbls/config/markdown.go:377.46,379.4 1 0
github.com/k1LoW/tbls/config/markdown.go:380.3,380.18 1 141
github.com/k1LoW/tbls/config/markdown.go:380.18,382.4 1 1
github.com/k1LoW/tbls/config/markdown.go:383.3,383.21 1 140
github.com/k1LoW/tbls/config/markdown.go:387.2,387.41 1 34
github.com/k1LoW/tbls/config/markdown.go:387.41,388.85 1 2
github.com/k1LoW/tbls/config/markdown.go:388.85,390.4 1 1
github.com/k1LoW/tbls/config/markdown.go:393.2,393.13 1 33
github.com/k1LoW/tbls/config/markdown.go:397.41,398.15 1 30
github.com/k1LoW/tbls/config/markdown.go:398.15,400.3 1 1
github.com/k1LoW/tbls/config/markdown.go:403.2,403.24 1 29
github.com/k1LoW/tbls/config/markdown.go:403.24,405.3 1 27
github.com/k1LoW/tbls/config/markdown.go:406.2,408.23 2 29
github.com/k1LoW/tbls/config/markdown.go:408.23,410.3 1 27
github.com/k1LoW/tbls/config/markdown.go:411.2,413.22 2 29
github.com/k1LoW/tbls/config/markdown.go:413.22,415.3 1 26
github.com/k1LoW/tbls/config/markdown.go:416.2,416.41 1 29
github.com/k1LoW/tbls/config/markdown.go:416.41,418.3 1 0
github.com/k1LoW/tbls/config/markdown.go:419.2,421.23 2 29
github.com/k1LoW/tbls/config/markdown.go:421.23,423.3 1 27
github.com/k1LoW/tbls/config/markdown.go:424.2,424.42 1 29
github.com/k1LoW/tbls/config/markdown.go:424.42,426.3 1 0
github.com/k1LoW/tbls/config/markdown.go:427.2,429.21 2 29
github.com/k1LoW/tbls/config/markdown.go:429.21,431.3 1 27
github.com/k1LoW/tbls/config/markdown.go:432.2,434.23 2 29
github.com/k1LoW/tbls/config/markdown.go:434.23,436.3 1 27
github.com/k1LoW/tbls/config/markdown.go:437.2,439.27 2 29
github.com/k1LoW/tbls/config/markdown.go:439.27,441.3 1 27
github.com/k1LoW/tbls/config/markdown.go:442.2,444.25 2 29
github.com/k1LoW/tbls/config/markdown.go:444.25,446.3 1 27
github.com/k1LoW/tbls/config/markdown.go:447.2,447.46 1 29
github.com/k1LoW/tbls/config/markdown.go:451.71,452.19 1 232
github.com/k1LoW/tbls/config/markdown.go:452.19,454.3 1 0
github.com/k1LoW/tbls/config/markdown.go:460.2,460.28 1 232
github.com/k1LoW/tbls/config/markdown.go:460.28,461.21 1 215
github.com/k1LoW/tbls/config/markdown.go:462.19,463.62 1 27
github.com/k1LoW/tbls/config/markdown.go:464.18,465.62 1 27
github.com/k1LoW/tbls/config/markdown.go:466.17,467.70 1 26
github.com/k1LoW/tbls/config/markdown.go:468.18,469.93 1 27
github.com/k1LoW/tbls/config/markdown.go:470.16,471.76 1 27
github.com/k1LoW/tbls/config/markdown.go:472.18,473.73 1 27
github.com/k1LoW/tbls/config/markdown.go:474.22,475.81 1 27
github.com/k1LoW/tbls/config/markdown.go:476.20,477.90 1 27
github.com/k1LoW/tbls/config/markdown.go:478.11,479.62 1 0
github.com/k1LoW/tbls/config/markdown.go:484.2,484.27 1 232
github.com/k1LoW/tbls/config/markdown.go:484.27,486.3 1 216
github.com/k1LoW/tbls/config/naming.go:24.65,25.14 1 1
github.com/k1LoW/tbls/config/naming.go:26.21,31.9 1 1
github.com/k1LoW/tbls/config/naming.go:33.27,37.9 1 0
github.com/k1LoW/tbls/config/naming.go:39.19,43.9 1 0
github.com/k1LoW/tbls/config/naming.go:45.36,49.9 1 0
github.com/k1LoW/tbls/config/naming.go:51.10,52.79 1 0
github.com/k1LoW/tbls/config/naming.go:57.63,59.2 1 10
github.com/k1LoW/tbls/config/naming.go:62.64,64.2 1 2
github.com/k1LoW/tbls/config/naming.go:66.50,69.43 2 10
github.com/k1LoW/tbls/config/naming.go:69.43,71.3 1 8
github.com/k1LoW/tbls/config/naming.go:72.2,72.45 1 2
github.com/k1LoW/tbls/config/naming.go:75.48,77.2 1 2
github.com/k1LoW/tbls/config/naming.go:79.56,82.43 2 1
github.com/k1LoW/tbls/config/naming.go:82.43,84.3 1 0
github.com/k1LoW/tbls/config/naming.go:85.2,85.47 1 1
github.com/k1LoW/tbls/config/naming.go:88.54,90.2 1 1
github.com/k1LoW/tbls/config/naming.go:92.53,94.2 1 1
github.com/k1LoW/tbls/config/yaml.go:8.44,9.25 1 1
github.com/k1LoW/tbls/config/yaml.go:9.25,12.3 2 1
github.com/k1LoW/tbls/config/yaml.go:13.2,13.24 1 0
github.com/k1LoW/tbls/config/yaml.go:16.48,18.51 2 1
github.com/k1LoW/tbls/config/yaml.go:18.51,20.3 1 0
github.com/k1LoW/tbls/config/yaml.go:21.2,21.27 1 1
github.com/k1LoW/tbls/config/yaml.go:22.14,23.14 1 1
github.com/k1LoW/tbls/config/yaml.go:24.19,25.49 1 0
github.com/k1LoW/tbls/config/yaml.go:25.49,27.4 1 0
github.com/k1LoW/tbls/config/yaml.go:29.2,29.12 1 1
github.com/k1LoW/tbls/config/yaml.go:32.47,33.42 1 0
github.com/k1LoW/tbls/config/yaml.go:33.42,48.3 2 0
github.com/k1LoW/tbls/config/yaml.go:49.2,49.24 1 0
github.com/k1LoW/tbls/config/yaml.go:52.51,60.49 2 0
github.com/k1LoW/tbls/config/yaml.go:60.49,62.3 1 0
github.com/k1LoW/tbls/config/yaml.go:63.2,67.48 5 0
github.com/k1LoW/tbls/config/yaml.go:68.12,69.8 1 0
github.com/k1LoW/tbls/config/yaml.go:69.8,71.4 1 0
github.com/k1LoW/tbls/config/yaml.go:72.21,74.24 2 0
github.com/k1LoW/tbls/config/yaml.go:74.24,75.34 1 0
github.com/k1LoW/tbls/config/yaml.go:75.34,77.5 1 0
github.com/k1LoW/tbls/config/yaml.go:79.3,79.38 1 0
github.com/k1LoW/tbls/config/yaml.go:81.2,81.12 1 0
github.com/k1LoW/tbls/schema/cardinality.go:45.38,47.2 1 4
github.com/k1LoW/tbls/schema/cardinality.go:49.52,51.9 2 9
github.com/k1LoW/tbls/schema/cardinality.go:51.9,53.3 1 1
github.com/k1LoW/tbls/schema/cardinality.go:54.2,54.15 1 8
github.com/k1LoW/tbls/schema/comment.go:29.54,31.2 1 40
github.com/k1LoW/tbls/schema/comment.go:34.110,36.41 1 61
github.com/k1LoW/tbls/schema/comment.go:36.41,38.3 1 3
github.com/k1LoW/tbls/schema/comment.go:41.2,43.20 2 58
github.com/k1LoW/tbls/schema/comment.go:43.20,46.3 1 11
github.com/k1LoW/tbls/schema/comment.go:49.2,52.20 2 47
github.com/k1LoW/tbls/schema/comment.go:52.20,54.3 1 2
github.com/k1LoW/tbls/schema/comment.go:54.8,56.3 1 45
github.com/k1LoW/tbls/schema/comment.go:58.2,58.34 1 47
github.com/k1LoW/tbls/schema/comment.go:62.88,65.2 2 26
github.com/k1LoW/tbls/schema/comment.go:68.89,71.2 2 5
github.com/k1LoW/tbls/schema/comment.go:74.82,75.41 1 10
github.com/k1LoW/tbls/schema/comment.go:75.41,77.3 1 2
github.com/k1LoW/tbls/schema/comment.go:79.2,80.26 2 8
github.com/k1LoW/tbls/schema/comment.go:84.81,86.64 1 58
github.com/k1LoW/tbls/schema/comment.go:86.64,89.3 1 0
github.com/k1LoW/tbls/schema/comment.go:91.2,91.42 1 58
github.com/k1LoW/tbls/schema/comment.go:96.116,97.19 1 2
github.com/k1LoW/tbls/schema/comment.go:97.19,99.3 1 1
github.com/k1LoW/tbls/schema/comment.go:100.2,100.51 1 2
github.com/k1LoW/tbls/schema/comment.go:104.84,107.2 2 1
github.com/k1LoW/tbls/schema/comment.go:110.62,113.2 2 22
github.com/k1LoW/tbls/schema/comment.go:116.63,119.2 2 1
github.com/k1LoW/tbls/schema/comment.go:122.55,123.21 1 7
github.com/k1LoW/tbls/schema/comment.go:123.21,125.3 1 1
github.com/k1LoW/tbls/schema/comment.go:127.2,127.34 1 6
github.com/k1LoW/tbls/schema/comment.go:127.34,129.3 1 0
github.com/k1LoW/tbls/schema/comment.go:132.2,132.30 1 6
github.com/k1LoW/tbls/schema/comment.go:132.30,133.23 1 7
github.com/k1LoW/tbls/schema/comment.go:133.23,135.4 1 2
github.com/k1LoW/tbls/schema/comment.go:138.2,138.12 1 4
github.com/k1LoW/tbls/schema/filter.go:19.56,20.15 1 0
github.com/k1LoW/tbls/schema/filter.go:20.15,22.3 1 0
github.com/k1LoW/tbls/schema/filter.go:23.2,24.16 2 0
github.com/k1LoW/tbls/schema/filter.go:24.16,26.3 1 0
github.com/k1LoW/tbls/schema/filter.go:27.2,27.29 1 0
github.com/k1LoW/tbls/schema/filter.go:27.29,29.17 2 0
github.com/k1LoW/tbls/schema/filter.go:29.17,31.4 1 0
github.com/k1LoW/tbls/schema/filter.go:34.2,35.16 2 0
github.com/k1LoW/tbls/schema/filter.go:35.16,37.3 1 0
github.com/k1LoW/tbls/schema/filter.go:38.2,38.34 1 0
github.com/k1LoW/tbls/schema/filter.go:38.34,40.17 2 0
github.com/k1LoW/tbls/schema/filter.go:40.17,42.4 1 0
github.com/k1LoW/tbls/schema/filter.go:45.2,45.12 1 0
github.com/k1LoW/tbls/schema/filter.go:48.108,49.15 1 0
github.com/k1LoW/tbls/schema/filter.go:49.15,51.3 1 0
github.com/k1LoW/tbls/schema/filter.go:52.2,57.29 5 0
github.com/k1LoW/tbls/schema/filter.go:57.29,61.10 4 0
github.com/k1LoW/tbls/schema/filter.go:62.11,63.21 1 0
github.com/k1LoW/tbls/schema/filter.go:63.21,65.13 2 0
github.com/k1LoW/tbls/schema/filter.go:67.4,67.34 1 0
github.com/k1LoW/tbls/schema/filter.go:68.11,69.10 1 0
github.com/k1LoW/tbls/schema/filter.go:69.10,71.13 2 0
github.com/k1LoW/tbls/schema/filter.go:73.4,73.34 1 0
github.com/k1LoW/tbls/schema/filter.go:74.61,75.10 1 0
github.com/k1LoW/tbls/schema/filter.go:75.10,77.13 2 0
github.com/k1LoW/tbls/schema/filter.go:79.4,79.34 1 0
github.com/k1LoW/tbls/schema/filter.go:80.11,81.34 1 0
github.com/k1LoW/tbls/schema/filter.go:85.2,86.29 2 0
github.com/k1LoW/tbls/schema/filter.go:86.29,89.17 3 0
github.com/k1LoW/tbls/schema/filter.go:89.17,91.4 1 0
github.com/k1LoW/tbls/schema/filter.go:92.3,92.25 1 0
github.com/k1LoW/tbls/schema/filter.go:92.25,93.52 1 0
github.com/k1LoW/tbls/schema/filter.go:93.52,95.5 1 0
github.com/k1LoW/tbls/schema/filter.go:95.56,97.5 1 0
github.com/k1LoW/tbls/schema/filter.go:97.7,99.5 1 0
github.com/k1LoW/tbls/schema/filter.go:103.2,104.29 2 0
github.com/k1LoW/tbls/schema/filter.go:104.29,105.52 1 0
github.com/k1LoW/tbls/schema/filter.go:105.52,107.4 1 0
github.com/k1LoW/tbls/schema/filter.go:107.6,108.12 1 0
github.com/k1LoW/tbls/schema/filter.go:110.3,110.35 1 0
github.com/k1LoW/tbls/schema/filter.go:114.2,114.52 1 0
github.com/k1LoW/tbls/schema/filter.go:114.52,116.3 1 0
github.com/k1LoW/tbls/schema/filter.go:118.2,118.34 1 0
github.com/k1LoW/tbls/schema/filter.go:121.59,124.29 2 0
github.com/k1LoW/tbls/schema/filter.go:124.29,125.21 1 0
github.com/k1LoW/tbls/schema/filter.go:125.21,127.4 1 0
github.com/k1LoW/tbls/schema/filter.go:128.3,128.31 1 0
github.com/k1LoW/tbls/schema/filter.go:128.31,131.39 2 0
github.com/k1LoW/tbls/schema/filter.go:131.39,132.59 1 0
github.com/k1LoW/tbls/schema/filter.go:132.59,134.6 1 0
github.com/k1LoW/tbls/schema/filter.go:136.4,140.40 3 0
github.com/k1LoW/tbls/schema/filter.go:140.40,141.59 1 0
github.com/k1LoW/tbls/schema/filter.go:141.59,143.6 1 0
github.com/k1LoW/tbls/schema/filter.go:145.4,145.39 1 0
github.com/k1LoW/tbls/schema/filter.go:148.2,152.32 3 0
github.com/k1LoW/tbls/schema/filter.go:152.32,153.57 1 0
github.com/k1LoW/tbls/schema/filter.go:153.57,155.4 1 0
github.com/k1LoW/tbls/schema/filter.go:157.2,159.12 2 0
github.com/k1LoW/tbls/schema/filter.go:162.59,163.31 1 0
github.com/k1LoW/tbls/schema/filter.go:163.31,165.3 1 0
github.com/k1LoW/tbls/schema/filter.go:166.2,166.30 1 0
github.com/k1LoW/tbls/schema/filter.go:166.30,167.32 1 0
github.com/k1LoW/tbls/schema/filter.go:167.32,169.4 1 0
github.com/k1LoW/tbls/schema/filter.go:171.2,171.14 1 0
github.com/k1LoW/tbls/schema/filter.go:174.46,175.23 1 0
github.com/k1LoW/tbls/schema/filter.go:175.23,176.26 1 0
github.com/k1LoW/tbls/schema/filter.go:176.26,177.42 1 0
github.com/k1LoW/tbls/schema/filter.go:177.42,179.5 1 0
github.com/k1LoW/tbls/schema/filter.go:182.2,182.14 1 0
github.com/k1LoW/tbls/schema/filter.go:185.52,186.22 1 28
github.com/k1LoW/tbls/schema/filter.go:186.22,187.33 1 22
github.com/k1LoW/tbls/schema/filter.go:187.33,189.4 1 8
github.com/k1LoW/tbls/schema/filter.go:191.2,191.17 1 20
github.com/k1LoW/tbls/schema/filter.go:194.117,195.15 1 5
github.com/k1LoW/tbls/schema/filter.go:195.15,197.3 1 5
github.com/k1LoW/tbls/schema/filter.go:198.2,203.32 5 5
github.com/k1LoW/tbls/schema/filter.go:203.32,206.10 3 14
github.com/k1LoW/tbls/schema/filter.go:207.11,208.21 1 5
github.com/k1LoW/tbls/schema/filter.go:208.21,210.13 2 0
github.com/k1LoW/tbls/schema/filter.go:212.4,212.34 1 5
github.com/k1LoW/tbls/schema/filter.go:213.30,214.10 1 5
github.com/k1LoW/tbls/schema/filter.go:214.10,216.13 2 1
github.com/k1LoW/tbls/schema/filter.go:218.4,218.34 1 4
github.com/k1LoW/tbls/schema/filter.go:219.11,220.34 1 4
github.com/k1LoW/tbls/schema/filter.go:225.2,225.53 1 5
github.com/k1LoW/tbls/schema/filter.go:225.53,227.3 1 0
github.com/k1LoW/tbls/schema/filter.go:229.2,229.32 1 5
github.com/k1LoW/tbls/schema/filter.go:232.62,234.32 2 0
github.com/k1LoW/tbls/schema/filter.go:234.32,235.21 1 0
github.com/k1LoW/tbls/schema/filter.go:235.21,237.4 1 0
github.com/k1LoW/tbls/schema/filter.go:239.2,241.12 2 0
github.com/k1LoW/tbls/schema/json.go:72.43,74.29 2 2
github.com/k1LoW/tbls/schema/json.go:74.29,77.3 2 4
github.com/k1LoW/tbls/schema/json.go:78.2,79.32 2 2
github.com/k1LoW/tbls/schema/json.go:79.32,82.3 2 2
github.com/k1LoW/tbls/schema/json.go:83.2,93.3 1 2
github.com/k1LoW/tbls/schema/json.go:96.41,98.40 2 5
github.com/k1LoW/tbls/schema/json.go:98.40,100.3 1 0
github.com/k1LoW/tbls/schema/json.go:101.2,102.30 2 5
github.com/k1LoW/tbls/schema/json.go:102.30,105.3 2 8
github.com/k1LoW/tbls/schema/json.go:106.2,118.3 1 5
github.com/k1LoW/tbls/schema/json.go:121.43,123.21 2 9
github.com/k1LoW/tbls/schema/json.go:123.21,125.3 1 2
github.com/k1LoW/tbls/schema/json.go:126.2,135.3 1 9
github.com/k1LoW/tbls/schema/json.go:138.47,141.30 3 2
github.com/k1LoW/tbls/schema/json.go:141.30,143.3 1 2
github.com/k1LoW/tbls/schema/json.go:144.2,144.36 1 2
github.com/k1LoW/tbls/schema/json.go:144.36,146.3 1 2
github.com/k1LoW/tbls/schema/json.go:147.2,156.3 1 2
github.com/k1LoW/tbls/schema/json.go:159.45,160.14 1 2
github.com/k1LoW/tbls/schema/json.go:160.14,162.3 1 0
github.com/k1LoW/tbls/schema/json.go:163.2,167.3 1 2
github.com/k1LoW/tbls/schema/json.go:170.53,171.14 1 2
github.com/k1LoW/tbls/schema/json.go:171.14,173.3 1 0
github.com/k1LoW/tbls/schema/json.go:174.2,178.19 2 2
github.com/k1LoW/tbls/schema/json.go:178.19,180.3 1 0
github.com/k1LoW/tbls/schema/json.go:181.2,181.10 1 2
github.com/k1LoW/tbls/schema/json.go:185.47,188.2 2 2
github.com/k1LoW/tbls/schema/json.go:191.46,194.2 2 1
github.com/k1LoW/tbls/schema/json.go:197.47,200.2 2 1
github.com/k1LoW/tbls/schema/json.go:203.49,206.2 2 0
github.com/k1LoW/tbls/schema/json.go:209.50,224.16 3 7
github.com/k1LoW/tbls/schema/json.go:224.16,226.3 1 0
github.com/k1LoW/tbls/schema/json.go:227.2,237.40 11 7
github.com/k1LoW/tbls/schema/json.go:237.40,241.3 1 0
github.com/k1LoW/tbls/schema/json.go:242.2,242.12 1 7
github.com/k1LoW/tbls/schema/json.go:246.51,258.16 3 13
github.com/k1LoW/tbls/schema/json.go:258.16,260.3 1 0
github.com/k1LoW/tbls/schema/json.go:261.2,264.22 4 13
github.com/k1LoW/tbls/schema/json.go:264.22,267.3 2 3
github.com/k1LoW/tbls/schema/json.go:267.8,270.3 2 10
github.com/k1LoW/tbls/schema/json.go:271.2,275.12 5 13
github.com/k1LoW/tbls/schema/json.go:279.53,291.16 3 3
github.com/k1LoW/tbls/schema/json.go:291.16,293.3 1 0
github.com/k1LoW/tbls/schema/json.go:294.2,298.30 3 3
github.com/k1LoW/tbls/schema/json.go:298.30,302.3 1 3
github.com/k1LoW/tbls/schema/json.go:303.2,304.16 2 3
github.com/k1LoW/tbls/schema/json.go:304.16,306.3 1 0
github.com/k1LoW/tbls/schema/json.go:307.2,311.36 3 3
github.com/k1LoW/tbls/schema/json.go:311.36,315.3 1 3
github.com/k1LoW/tbls/schema/json.go:316.2,317.16 2 3
github.com/k1LoW/tbls/schema/json.go:317.16,319.3 1 0
github.com/k1LoW/tbls/schema/json.go:320.2,322.12 3 3
github.com/k1LoW/tbls/schema/logical_name.go:15.70,20.2 1 4
github.com/k1LoW/tbls/schema/logical_name.go:23.68,24.19 1 3
github.com/k1LoW/tbls/schema/logical_name.go:24.19,26.3 1 1
github.com/k1LoW/tbls/schema/logical_name.go:29.2,29.38 1 2
github.com/k1LoW/tbls/schema/logical_name.go:29.38,30.47 1 2
github.com/k1LoW/tbls/schema/logical_name.go:30.47,32.4 1 0
github.com/k1LoW/tbls/schema/logical_name.go:35.2,35.12 1 2
github.com/k1LoW/tbls/schema/logical_name.go:39.65,40.18 1 4
github.com/k1LoW/tbls/schema/logical_name.go:40.18,42.3 1 1
github.com/k1LoW/tbls/schema/logical_name.go:45.2,48.39 2 3
github.com/k1LoW/tbls/schema/logical_name.go:48.39,50.3 1 4
github.com/k1LoW/tbls/schema/logical_name.go:53.2,53.38 1 3
github.com/k1LoW/tbls/schema/logical_name.go:53.38,55.3 1 1
github.com/k1LoW/tbls/schema/logical_name.go:58.2,58.47 1 3
github.com/k1LoW/tbls/schema/logical_name.go:58.47,60.3 1 1
github.com/k1LoW/tbls/schema/logical_name.go:63.2,63.41 1 3
github.com/k1LoW/tbls/schema/logical_name.go:63.41,65.3 1 1
github.com/k1LoW/tbls/schema/logical_name.go:67.2,67.12 1 3
github.com/k1LoW/tbls/schema/logical_name.go:78.110,84.2 1 13
github.com/k1LoW/tbls/schema/logical_name.go:90.65,91.18 1 12
github.com/k1LoW/tbls/schema/logical_name.go:91.18,93.3 1 11
github.com/k1LoW/tbls/schema/logical_name.go:97.96,98.24 1 16
github.com/k1LoW/tbls/schema/logical_name.go:98.24,100.3 1 1
github.com/k1LoW/tbls/schema/logical_name.go:102.2,103.46 2 15
github.com/k1LoW/tbls/schema/logical_name.go:103.46,105.3 1 2
github.com/k1LoW/tbls/schema/logical_name.go:107.2,107.22 1 15
github.com/k1LoW/tbls/schema/logical_name.go:107.22,109.3 1 1
github.com/k1LoW/tbls/schema/logical_name.go:112.2,112.18 1 14
github.com/k1LoW/tbls/schema/logical_name.go:113.12,114.24 1 1
github.com/k1LoW/tbls/schema/logical_name.go:114.24,116.4 1 1
github.com/k1LoW/tbls/schema/logical_name.go:117.3,117.27 1 0
github.com/k1LoW/tbls/schema/logical_name.go:117.27,119.4 1 0
github.com/k1LoW/tbls/schema/logical_name.go:120.3,120.12 1 0
github.com/k1LoW/tbls/schema/logical_name.go:121.12,122.22 1 1
github.com/k1LoW/tbls/schema/logical_name.go:123.17,124.24 1 4
github.com/k1LoW/tbls/schema/logical_name.go:124.24,126.4 1 3
github.com/k1LoW/tbls/schema/logical_name.go:127.3,127.22 1 1
github.com/k1LoW/tbls/schema/logical_name.go:128.17,129.24 1 1
github.com/k1LoW/tbls/schema/logical_name.go:129.24,131.4 1 1
github.com/k1LoW/tbls/schema/logical_name.go:132.3,132.22 1 0
github.com/k1LoW/tbls/schema/logical_name.go:133.10,134.20 1 7
github.com/k1LoW/tbls/schema/logical_name.go:139.81,140.18 1 3
github.com/k1LoW/tbls/schema/logical_name.go:140.18,142.3 1 1
github.com/k1LoW/tbls/schema/logical_name.go:143.2,143.56 1 2
github.com/k1LoW/tbls/schema/logical_name.go:147.84,148.19 1 3
github.com/k1LoW/tbls/schema/logical_name.go:148.19,150.3 1 1
github.com/k1LoW/tbls/schema/logical_name.go:151.2,151.58 1 2
github.com/k1LoW/tbls/schema/logical_name.go:155.81,156.18 1 2
github.com/k1LoW/tbls/schema/logical_name.go:156.18,158.3 1 1
github.com/k1LoW/tbls/schema/logical_name.go:159.2,159.56 1 1
github.com/k1LoW/tbls/schema/logical_name.go:163.96,164.23 1 2
github.com/k1LoW/tbls/schema/logical_name.go:164.23,166.3 1 1
github.com/k1LoW/tbls/schema/logical_name.go:167.2,167.66 1 1
github.com/k1LoW/tbls/schema/logical_name.go:171.87,172.20 1 2
github.com/k1LoW/tbls/schema/logical_name.go:172.20,174.3 1 1
github.com/k1LoW/tbls/schema/logical_name.go:175.2,175.60 1 1
github.com/k1LoW/tbls/schema/logical_name.go:187.54,194.2 1 8
github.com/k1LoW/tbls/schema/logical_name.go:197.57,198.16 1 3
github.com/k1LoW/tbls/schema/logical_name.go:198.16,200.3 1 2
github.com/k1LoW/tbls/schema/logical_name.go:204.62,206.2 1 2
github.com/k1LoW/tbls/schema/logical_name.go:209.62,210.16 1 5
github.com/k1LoW/tbls/schema/logical_name.go:210.16,212.3 1 4
github.com/k1LoW/tbls/schema/logical_name.go:216.65,218.2 1 7
github.com/k1LoW/tbls/schema/logical_name.go:221.67,222.23 1 6
github.com/k1LoW/tbls/schema/logical_name.go:222.23,224.3 1 1
github.com/k1LoW/tbls/schema/logical_name.go:227.2,227.36 1 5
github.com/k1LoW/tbls/schema/logical_name.go:227.36,229.3 1 1
github.com/k1LoW/tbls/schema/logical_name.go:232.2,232.26 1 4
github.com/k1LoW/tbls/schema/logical_name.go:232.26,233.36 1 1
github.com/k1LoW/tbls/schema/logical_name.go:233.36,234.51 1 7
github.com/k1LoW/tbls/schema/logical_name.go:234.51,236.5 1 1
github.com/k1LoW/tbls/schema/logical_name.go:241.2,242.22 2 3
github.com/k1LoW/tbls/schema/logical_name.go:242.22,244.3 1 2
github.com/k1LoW/tbls/schema/logical_name.go:246.2,246.40 1 3
github.com/k1LoW/tbls/schema/logical_name.go:246.40,248.23 2 2
github.com/k1LoW/tbls/schema/logical_name.go:248.23,250.4 1 1
github.com/k1LoW/tbls/schema/logical_name.go:251.3,251.46 1 2
github.com/k1LoW/tbls/schema/logical_name.go:251.46,253.4 1 2
github.com/k1LoW/tbls/schema/logical_name.go:256.2,256.12 1 1
github.com/k1LoW/tbls/schema/logical_name.go:263.48,265.2 1 12
github.com/k1LoW/tbls/schema/logical_name.go:268.69,270.2 1 18
github.com/k1LoW/tbls/schema/logical_name.go:273.84,274.38 1 5
github.com/k1LoW/tbls/schema/logical_name.go:274.38,276.3 1 2
github.com/k1LoW/tbls/schema/logical_name.go:277.2,278.50 2 3
github.com/k1LoW/tbls/schema/logical_name.go:282.73,290.2 3 7
github.com/k1LoW/tbls/schema/logical_name.go:293.77,299.31 3 3
github.com/k1LoW/tbls/schema/logical_name.go:299.31,300.26 1 21
github.com/k1LoW/tbls/schema/logical_name.go:300.26,302.4 1 20
github.com/k1LoW/tbls/schema/logical_name.go:305.2,305.24 1 3
github.com/k1LoW/tbls/schema/logical_name.go:309.95,310.20 1 4
github.com/k1LoW/tbls/schema/logical_name.go:310.20,312.3 1 1
github.com/k1LoW/tbls/schema/logical_name.go:313.2,313.23 1 3
github.com/k1LoW/tbls/schema/logical_name.go:317.107,318.52 1 5
github.com/k1LoW/tbls/schema/logical_name.go:318.52,320.3 1 2
github.com/k1LoW/tbls/schema/logical_name.go:321.2,321.24 1 3
github.com/k1LoW/tbls/schema/logical_name.go:321.24,323.3 1 2
github.com/k1LoW/tbls/schema/logical_name.go:324.2,324.20 1 1
github.com/k1LoW/tbls/schema/logical_name.go:342.76,346.19 3 4
github.com/k1LoW/tbls/schema/logical_name.go:346.19,348.3 1 1
github.com/k1LoW/tbls/schema/logical_name.go:350.2,350.38 1 3
github.com/k1LoW/tbls/schema/logical_name.go:350.38,352.47 2 3
github.com/k1LoW/tbls/schema/logical_name.go:352.47,354.4 1 2
github.com/k1LoW/tbls/schema/logical_name.go:356.3,356.40 1 3
github.com/k1LoW/tbls/schema/logical_name.go:356.40,358.49 2 4
github.com/k1LoW/tbls/schema/logical_name.go:358.49,360.5 1 3
github.com/k1LoW/tbls/schema/logical_name.go:363.3,363.39 1 3
github.com/k1LoW/tbls/schema/logical_name.go:363.39,365.48 2 1
github.com/k1LoW/tbls/schema/logical_name.go:365.48,367.5 1 1
github.com/k1LoW/tbls/schema/logical_name.go:370.3,370.48 1 3
github.com/k1LoW/tbls/schema/logical_name.go:370.48,372.53 2 1
github.com/k1LoW/tbls/schema/logical_name.go:372.53,374.5 1 0
github.com/k1LoW/tbls/schema/logical_name.go:377.3,377.42 1 3
github.com/k1LoW/tbls/schema/logical_name.go:377.42,379.50 2 1
github.com/k1LoW/tbls/schema/logical_name.go:379.50,381.5 1 1
github.com/k1LoW/tbls/schema/logical_name.go:385.2,385.14 1 3
github.com/k1LoW/tbls/schema/logical_name.go:389.76,392.23 2 1
github.com/k1LoW/tbls/schema/logical_name.go:392.23,394.3 1 1
github.com/k1LoW/tbls/schema/logical_name.go:395.2,395.24 1 1
github.com/k1LoW/tbls/schema/logical_name.go:395.24,397.3 1 1
github.com/k1LoW/tbls/schema/logical_name.go:398.2,398.24 1 1
github.com/k1LoW/tbls/schema/logical_name.go:398.24,400.3 1 1
github.com/k1LoW/tbls/schema/logical_name.go:401.2,401.28 1 1
github.com/k1LoW/tbls/schema/logical_name.go:401.28,403.3 1 0
github.com/k1LoW/tbls/schema/logical_name.go:404.2,404.25 1 1
github.com/k1LoW/tbls/schema/logical_name.go:404.25,406.3 1 1
github.com/k1LoW/tbls/schema/logical_name.go:408.2,408.17 1 1
github.com/k1LoW/tbls/schema/logical_name.go:412.70,416.16 3 3
github.com/k1LoW/tbls/schema/logical_name.go:416.16,418.3 1 1
github.com/k1LoW/tbls/schema/logical_name.go:420.2,420.52 1 2
github.com/k1LoW/tbls/schema/schema.go:40.48,41.27 1 0
github.com/k1LoW/tbls/schema/schema.go:41.27,43.3 1 0
github.com/k1LoW/tbls/schema/schema.go:44.2,44.58 1 0
github.com/k1LoW/tbls/schema/schema.go:47.49,48.54 1 0
github.com/k1LoW/tbls/schema/schema.go:48.54,50.3 1 0
github.com/k1LoW/tbls/schema/schema.go:75.54,76.23 1 0
github.com/k1LoW/tbls/schema/schema.go:76.23,77.77 1 0
github.com/k1LoW/tbls/schema/schema.go:77.77,80.4 2 0
github.com/k1LoW/tbls/schema/schema.go:81.3,81.24 1 0
github.com/k1LoW/tbls/schema/schema.go:81.24,84.4 2 0
github.com/k1LoW/tbls/schema/schema.go:86.2,86.23 1 0
github.com/k1LoW/tbls/schema/schema.go:100.61,101.40 1 3
github.com/k1LoW/tbls/schema/schema.go:101.40,103.3 1 0
github.com/k1LoW/tbls/schema/schema.go:105.2,106.29 2 3
github.com/k1LoW/tbls/schema/schema.go:110.51,111.25 1 2
github.com/k1LoW/tbls/schema/schema.go:111.25,113.3 1 1
github.com/k1LoW/tbls/schema/schema.go:114.2,114.15 1 1
github.com/k1LoW/tbls/schema/schema.go:131.66,132.40 1 3
github.com/k1LoW/tbls/schema/schema.go:132.40,134.3 1 0
github.com/k1LoW/tbls/schema/schema.go:136.2,137.29 2 3
github.com/k1LoW/tbls/schema/schema.go:141.56,142.25 1 2
github.com/k1LoW/tbls/schema/schema.go:142.25,144.3 1 1
github.com/k1LoW/tbls/schema/schema.go:145.2,145.15 1 1
github.com/k1LoW/tbls/schema/schema.go:157.63,158.40 1 3
github.com/k1LoW/tbls/schema/schema.go:158.40,160.3 1 0
github.com/k1LoW/tbls/schema/schema.go:162.2,163.29 2 3
github.com/k1LoW/tbls/schema/schema.go:167.53,168.25 1 2
github.com/k1LoW/tbls/schema/schema.go:168.25,170.3 1 1
github.com/k1LoW/tbls/schema/schema.go:171.2,171.15 1 1
github.com/k1LoW/tbls/schema/schema.go:194.62,195.40 1 7
github.com/k1LoW/tbls/schema/schema.go:195.40,197.3 1 1
github.com/k1LoW/tbls/schema/schema.go:199.2,200.29 2 6
github.com/k1LoW/tbls/schema/schema.go:204.52,205.25 1 2
github.com/k1LoW/tbls/schema/schema.go:205.25,207.3 1 1
github.com/k1LoW/tbls/schema/schema.go:208.2,208.15 1 1
github.com/k1LoW/tbls/schema/schema.go:235.61,236.40 1 8
github.com/k1LoW/tbls/schema/schema.go:236.40,238.3 1 2
github.com/k1LoW/tbls/schema/schema.go:240.2,241.29 2 6
github.com/k1LoW/tbls/schema/schema.go:245.51,246.25 1 3
github.com/k1LoW/tbls/schema/schema.go:246.25,248.3 1 1
github.com/k1LoW/tbls/schema/schema.go:249.2,249.15 1 2
github.com/k1LoW/tbls/schema/schema.go:304.57,305.178 1 32
github.com/k1LoW/tbls/schema/schema.go:305.178,307.3 1 1
github.com/k1LoW/tbls/schema/schema.go:308.2,308.13 1 31
github.com/k1LoW/tbls/schema/schema.go:311.63,312.26 1 10
github.com/k1LoW/tbls/schema/schema.go:312.26,314.3 1 5
github.com/k1LoW/tbls/schema/schema.go:315.2,315.14 1 10
github.com/k1LoW/tbls/schema/schema.go:319.69,320.15 1 7
github.com/k1LoW/tbls/schema/schema.go:320.15,322.3 1 7
github.com/k1LoW/tbls/schema/schema.go:323.2,323.29 1 7
github.com/k1LoW/tbls/schema/schema.go:323.29,324.65 1 11
github.com/k1LoW/tbls/schema/schema.go:324.65,326.4 1 7
github.com/k1LoW/tbls/schema/schema.go:328.2,328.54 1 0
github.com/k1LoW/tbls/schema/schema.go:332.73,333.15 1 0
github.com/k1LoW/tbls/schema/schema.go:333.15,335.3 1 0
github.com/k1LoW/tbls/schema/schema.go:336.2,337.29 2 0
github.com/k1LoW/tbls/schema/schema.go:337.29,338.85 1 0
github.com/k1LoW/tbls/schema/schema.go:338.85,340.4 1 0
github.com/k1LoW/tbls/schema/schema.go:342.2,342.22 1 0
github.com/k1LoW/tbls/schema/schema.go:342.22,344.3 1 0
github.com/k1LoW/tbls/schema/schema.go:345.2,345.20 1 0
github.com/k1LoW/tbls/schema/schema.go:349.75,350.15 1 0
github.com/k1LoW/tbls/schema/schema.go:350.15,352.3 1 0
github.com/k1LoW/tbls/schema/schema.go:353.1,354.32 1 0
github.com/k1LoW/tbls/schema/schema.go:354.32,355.68 1 0
github.com/k1LoW/tbls/schema/schema.go:355.68,356.12 1 0
github.com/k1LoW/tbls/schema/schema.go:358.3,358.32 1 0
github.com/k1LoW/tbls/schema/schema.go:358.32,360.26 2 0
github.com/k1LoW/tbls/schema/schema.go:360.26,361.17 1 0
github.com/k1LoW/tbls/schema/schema.go:361.17,363.6 1 0
github.com/k1LoW/tbls/schema/schema.go:365.4,365.14 1 0
github.com/k1LoW/tbls/schema/schema.go:365.14,366.15 1 0
github.com/k1LoW/tbls/schema/schema.go:369.3,369.38 1 0
github.com/k1LoW/tbls/schema/schema.go:369.38,371.27 2 0
github.com/k1LoW/tbls/schema/schema.go:371.27,372.17 1 0
github.com/k1LoW/tbls/schema/schema.go:372.17,374.6 1 0
github.com/k1LoW/tbls/schema/schema.go:376.4,376.14 1 0
github.com/k1LoW/tbls/schema/schema.go:376.14,377.15 1 0
github.com/k1LoW/tbls/schema/schema.go:380.3,380.16 1 0
github.com/k1LoW/tbls/schema/schema.go:382.2,382.64 1 0
github.com/k1LoW/tbls/schema/schema.go:385.44,386.29 1 0
github.com/k1LoW/tbls/schema/schema.go:386.29,387.24 1 0
github.com/k1LoW/tbls/schema/schema.go:387.24,389.4 1 0
github.com/k1LoW/tbls/schema/schema.go:391.2,391.14 1 0
github.com/k1LoW/tbls/schema/schema.go:395.31,396.29 1 1
github.com/k1LoW/tbls/schema/schema.go:396.29,397.31 1 2
github.com/k1LoW/tbls/schema/schema.go:397.31,398.60 1 2
github.com/k1LoW/tbls/schema/schema.go:398.60,400.5 1 0
github.com/k1LoW/tbls/schema/schema.go:401.4,401.59 1 2
github.com/k1LoW/tbls/schema/schema.go:401.59,403.5 1 0
github.com/k1LoW/tbls/schema/schema.go:405.3,405.51 1 2
github.com/k1LoW/tbls/schema/schema.go:405.51,407.4 1 1
github.com/k1LoW/tbls/schema/schema.go:408.3,408.51 1 2
github.com/k1LoW/tbls/schema/schema.go:408.51,410.4 1 0
github.com/k1LoW/tbls/schema/schema.go:411.3,411.55 1 2
github.com/k1LoW/tbls/schema/schema.go:411.55,413.4 1 0
github.com/k1LoW/tbls/schema/schema.go:414.3,414.52 1 2
github.com/k1LoW/tbls/schema/schema.go:414.52,416.4 1 0
github.com/k1LoW/tbls/schema/schema.go:418.2,418.49 1 1
github.com/k1LoW/tbls/schema/schema.go:418.49,420.3 1 1
github.com/k1LoW/tbls/schema/schema.go:421.2,421.52 1 1
github.com/k1LoW/tbls/schema/schema.go:421.52,423.3 1 0
github.com/k1LoW/tbls/schema/schema.go:424.2,424.52 1 1
github.com/k1LoW/tbls/schema/schema.go:424.52,425.49 1 1
github.com/k1LoW/tbls/schema/schema.go:425.49,427.4 1 0
github.com/k1LoW/tbls/schema/schema.go:428.3,428.61 1 1
github.com/k1LoW/tbls/schema/schema.go:430.2,430.53 1 1
github.com/k1LoW/tbls/schema/schema.go:430.53,432.3 1 0
github.com/k1LoW/tbls/schema/schema.go:433.2,433.12 1 1
github.com/k1LoW/tbls/schema/schema.go:437.39,438.15 1 3
github.com/k1LoW/tbls/schema/schema.go:438.15,440.3 1 3
github.com/k1LoW/tbls/schema/schema.go:441.2,441.52 1 3
github.com/k1LoW/tbls/schema/schema.go:441.52,443.3 1 0
github.com/k1LoW/tbls/schema/schema.go:445.2,445.33 1 3
github.com/k1LoW/tbls/schema/schema.go:445.33,447.17 2 0
github.com/k1LoW/tbls/schema/schema.go:447.17,449.4 1 0
github.com/k1LoW/tbls/schema/schema.go:450.3,454.18 1 0
github.com/k1LoW/tbls/schema/schema.go:454.18,456.4 1 0
github.com/k1LoW/tbls/schema/schema.go:457.3,457.16 1 0
github.com/k1LoW/tbls/schema/schema.go:459.2,459.12 1 3
github.com/k1LoW/tbls/schema/schema.go:462.49,463.15 1 1
github.com/k1LoW/tbls/schema/schema.go:463.15,465.3 1 1
github.com/k1LoW/tbls/schema/schema.go:466.2,467.16 2 1
github.com/k1LoW/tbls/schema/schema.go:467.16,469.3 1 0
github.com/k1LoW/tbls/schema/schema.go:470.2,471.45 2 1
github.com/k1LoW/tbls/schema/schema.go:471.45,473.3 1 0
github.com/k1LoW/tbls/schema/schema.go:474.2,474.35 1 1
github.com/k1LoW/tbls/schema/schema.go:474.35,476.3 1 0
github.com/k1LoW/tbls/schema/schema.go:477.2,477.15 1 1
github.com/k1LoW/tbls/schema/schema.go:480.66,481.15 1 0
github.com/k1LoW/tbls/schema/schema.go:481.15,483.3 1 0
github.com/k1LoW/tbls/schema/schema.go:484.2,485.16 2 0
github.com/k1LoW/tbls/schema/schema.go:485.16,487.3 1 0
github.com/k1LoW/tbls/schema/schema.go:488.2,489.45 2 0
github.com/k1LoW/tbls/schema/schema.go:489.45,491.3 1 0
github.com/k1LoW/tbls/schema/schema.go:492.2,492.52 1 0
github.com/k1LoW/tbls/schema/schema.go:492.52,494.3 1 0
github.com/k1LoW/tbls/schema/schema.go:495.2,495.15 1 0
github.com/k1LoW/tbls/schema/schema.go:498.56,499.15 1 3
github.com/k1LoW/tbls/schema/schema.go:499.15,501.3 1 3
github.com/k1LoW/tbls/schema/schema.go:502.2,502.29 1 3
github.com/k1LoW/tbls/schema/schema.go:502.29,503.26 1 6
github.com/k1LoW/tbls/schema/schema.go:503.26,505.4 1 0
github.com/k1LoW/tbls/schema/schema.go:506.3,506.26 1 6
github.com/k1LoW/tbls/schema/schema.go:506.26,508.4 1 6
github.com/k1LoW/tbls/schema/schema.go:509.3,509.30 1 6
github.com/k1LoW/tbls/schema/schema.go:509.30,511.4 1 6
github.com/k1LoW/tbls/schema/schema.go:512.3,512.36 1 6
github.com/k1LoW/tbls/schema/schema.go:512.36,513.28 1 0
github.com/k1LoW/tbls/schema/schema.go:513.28,515.5 1 0
github.com/k1LoW/tbls/schema/schema.go:516.4,516.38 1 0
github.com/k1LoW/tbls/schema/schema.go:516.38,518.5 1 0
github.com/k1LoW/tbls/schema/schema.go:520.3,520.27 1 6
github.com/k1LoW/tbls/schema/schema.go:520.27,522.4 1 6
github.com/k1LoW/tbls/schema/schema.go:523.3,523.41 1 6
github.com/k1LoW/tbls/schema/schema.go:523.41,525.18 2 0
github.com/k1LoW/tbls/schema/schema.go:525.18,528.5 2 0
github.com/k1LoW/tbls/schema/schema.go:529.4,529.30 1 0
github.com/k1LoW/tbls/schema/schema.go:533.2,533.32 1 3
github.com/k1LoW/tbls/schema/schema.go:533.32,535.17 2 3
github.com/k1LoW/tbls/schema/schema.go:535.17,537.4 1 0
github.com/k1LoW/tbls/schema/schema.go:538.3,538.32 1 3
github.com/k1LoW/tbls/schema/schema.go:538.32,540.18 2 3
github.com/k1LoW/tbls/schema/schema.go:540.18,542.5 1 0
github.com/k1LoW/tbls/schema/schema.go:543.4,544.20 2 3
github.com/k1LoW/tbls/schema/schema.go:546.3,548.17 3 3
github.com/k1LoW/tbls/schema/schema.go:548.17,550.4 1 0
github.com/k1LoW/tbls/schema/schema.go:551.3,551.38 1 3
github.com/k1LoW/tbls/schema/schema.go:551.38,553.18 2 3
github.com/k1LoW/tbls/schema/schema.go:553.18,555.5 1 0
github.com/k1LoW/tbls/schema/schema.go:556.4,557.27 2 3
github.com/k1LoW/tbls/schema/schema.go:559.3,559.21 1 3
github.com/k1LoW/tbls/schema/schema.go:561.2,561.27 1 3
github.com/k1LoW/tbls/schema/schema.go:561.27,563.3 1 3
github.com/k1LoW/tbls/schema/schema.go:565.2,565.12 1 3
github.com/k1LoW/tbls/schema/schema.go:569.70,570.15 1 7
github.com/k1LoW/tbls/schema/schema.go:570.15,572.3 1 7
github.com/k1LoW/tbls/schema/schema.go:573.2,573.30 1 7
github.com/k1LoW/tbls/schema/schema.go:573.30,574.21 1 8
github.com/k1LoW/tbls/schema/schema.go:574.21,576.4 1 7
github.com/k1LoW/tbls/schema/schema.go:578.2,578.77 1 0
github.com/k1LoW/tbls/schema/schema.go:582.68,583.15 1 0
github.com/k1LoW/tbls/schema/schema.go:583.15,585.3 1 0
github.com/k1LoW/tbls/schema/schema.go:586.2,586.30 1 0
github.com/k1LoW/tbls/schema/schema.go:586.30,587.21 1 0
github.com/k1LoW/tbls/schema/schema.go:587.21,589.4 1 0
github.com/k1LoW/tbls/schema/schema.go:591.2,591.76 1 0
github.com/k1LoW/tbls/schema/schema.go:595.78,596.15 1 0
github.com/k1LoW/tbls/schema/schema.go:596.15,598.3 1 0
github.com/k1LoW/tbls/schema/schema.go:599.2,599.34 1 0
github.com/k1LoW/tbls/schema/schema.go:599.34,600.21 1 0
github.com/k1LoW/tbls/schema/schema.go:600.21,602.4 1 0
github.com/k1LoW/tbls/schema/schema.go:604.2,604.81 1 0
github.com/k1LoW/tbls/schema/schema.go:608.72,609.15 1 0
github.com/k1LoW/tbls/schema/schema.go:609.15,611.3 1 0
github.com/k1LoW/tbls/schema/schema.go:612.2,612.34 1 0
github.com/k1LoW/tbls/schema/schema.go:612.34,613.24 1 0
github.com/k1LoW/tbls/schema/schema.go:613.24,615.4 1 0
github.com/k1LoW/tbls/schema/schema.go:617.2,617.78 1 0
github.com/k1LoW/tbls/schema/schema.go:621.71,623.35 2 1
github.com/k1LoW/tbls/schema/schema.go:623.35,624.34 1 2
github.com/k1LoW/tbls/schema/schema.go:624.34,625.19 1 2
github.com/k1LoW/tbls/schema/schema.go:625.19,627.5 1 1
github.com/k1LoW/tbls/schema/schema.go:630.2,630.12 1 1
github.com/k1LoW/tbls/schema/schema.go:633.55,634.30 1 16
github.com/k1LoW/tbls/schema/schema.go:634.30,635.15 1 29
github.com/k1LoW/tbls/schema/schema.go:636.23,637.24 1 4
github.com/k1LoW/tbls/schema/schema.go:637.24,639.5 1 1
github.com/k1LoW/tbls/schema/schema.go:640.26,641.27 1 4
github.com/k1LoW/tbls/schema/schema.go:641.27,643.5 1 1
github.com/k1LoW/tbls/schema/schema.go:644.23,645.24 1 4
github.com/k1LoW/tbls/schema/schema.go:645.24,647.5 1 1
github.com/k1LoW/tbls/schema/schema.go:648.23,649.33 1 4
github.com/k1LoW/tbls/schema/schema.go:649.33,651.5 1 1
github.com/k1LoW/tbls/schema/schema.go:652.22,653.34 1 4
github.com/k1LoW/tbls/schema/schema.go:653.34,655.5 1 1
github.com/k1LoW/tbls/schema/schema.go:656.22,657.23 1 5
github.com/k1LoW/tbls/schema/schema.go:657.23,659.5 1 2
github.com/k1LoW/tbls/schema/schema.go:660.21,661.25 1 4
github.com/k1LoW/tbls/schema/schema.go:661.25,663.5 1 1
github.com/k1LoW/tbls/schema/schema.go:666.2,666.14 1 8
github.com/k1LoW/tbls/schema/schema.go:669.68,671.36 2 3
github.com/k1LoW/tbls/schema/schema.go:671.36,673.3 1 2
github.com/k1LoW/tbls/schema/schema.go:674.2,674.13 1 1
github.com/k1LoW/tbls/schema/schema.go:677.99,681.19 4 0
github.com/k1LoW/tbls/schema/schema.go:681.19,683.3 1 0
github.com/k1LoW/tbls/schema/schema.go:684.2,685.30 2 0
github.com/k1LoW/tbls/schema/schema.go:685.30,686.39 1 0
github.com/k1LoW/tbls/schema/schema.go:686.39,689.18 3 0
github.com/k1LoW/tbls/schema/schema.go:689.18,691.5 1 0
github.com/k1LoW/tbls/schema/schema.go:692.4,693.40 2 0
github.com/k1LoW/tbls/schema/schema.go:695.3,695.38 1 0
github.com/k1LoW/tbls/schema/schema.go:695.38,698.18 3 0
github.com/k1LoW/tbls/schema/schema.go:698.18,700.5 1 0
github.com/k1LoW/tbls/schema/schema.go:701.4,702.40 2 0
github.com/k1LoW/tbls/schema/schema.go:706.2,706.11 1 0
github.com/k1LoW/tbls/schema/schema.go:706.11,708.3 1 0
github.com/k1LoW/tbls/schema/schema.go:710.2,712.27 3 0
github.com/k1LoW/tbls/schema/schema.go:712.27,713.28 1 0
github.com/k1LoW/tbls/schema/schema.go:713.28,716.4 2 0
github.com/k1LoW/tbls/schema/schema.go:719.2,721.30 3 0
github.com/k1LoW/tbls/schema/schema.go:721.30,722.23 1 0
github.com/k1LoW/tbls/schema/schema.go:722.23,724.72 2 0
github.com/k1LoW/tbls/schema/schema.go:724.72,725.13 1 0
github.com/k1LoW/tbls/schema/schema.go:727.4,727.38 1 0
github.com/k1LoW/tbls/schema/schema.go:731.2,731.33 1 0
github.com/k1LoW/tbls/schema/schema.go:734.39,735.40 1 0
github.com/k1LoW/tbls/schema/schema.go:735.40,737.3 1 0
github.com/k1LoW/tbls/schema/schema.go:738.2,738.14 1 0
github.com/k1LoW/tbls/schema/yaml.go:8.46,10.40 2 0
github.com/k1LoW/tbls/schema/yaml.go:10.40,12.3 1 0
github.com/k1LoW/tbls/schema/yaml.go:14.2,36.4 1 0
github.com/k1LoW/tbls/schema/yaml.go:40.47,41.21 1 0
github.com/k1LoW/tbls/schema/yaml.go:41.21,63.3 1 0
github.com/k1LoW/tbls/schema/yaml.go:64.2,84.4 1 0
github.com/k1LoW/tbls/schema/yaml.go:88.49,91.30 3 0
github.com/k1LoW/tbls/schema/yaml.go:91.30,93.3 1 0
github.com/k1LoW/tbls/schema/yaml.go:94.2,94.36 1 0
github.com/k1LoW/tbls/schema/yaml.go:94.36,96.3 1 0
github.com/k1LoW/tbls/schema/yaml.go:98.2,116.4 1 0
github.com/k1LoW/tbls/schema/yaml.go:120.50,134.16 3 0
github.com/k1LoW/tbls/schema/yaml.go:134.16,136.3 1 0
github.com/k1LoW/tbls/schema/yaml.go:137.2,146.40 10 0
github.com/k1LoW/tbls/schema/yaml.go:146.40,150.3 1 0
github.com/k1LoW/tbls/schema/yaml.go:151.2,151.12 1 0
github.com/k1LoW/tbls/schema/yaml.go:155.51,168.16 3 0
github.com/k1LoW/tbls/schema/yaml.go:168.16,170.3 1 0
github.com/k1LoW/tbls/schema/yaml.go:172.2,175.22 4 0
github.com/k1LoW/tbls/schema/yaml.go:175.22,178.3 2 0
github.com/k1LoW/tbls/schema/yaml.go:178.8,181.3 2 0
github.com/k1LoW/tbls/schema/yaml.go:182.2,185.12 4 0
github.com/k1LoW/tbls/schema/yaml.go:189.53,201.16 3 0
github.com/k1LoW/tbls/schema/yaml.go:201.16,203.3 1 0
github.com/k1LoW/tbls/schema/yaml.go:204.2,208.30 3 0
github.com/k1LoW/tbls/schema/yaml.go:208.30,212.3 1 0
github.com/k1LoW/tbls/schema/yaml.go:213.2,214.16 2 0
github.com/k1LoW/tbls/schema/yaml.go:214.16,216.3 1 0
github.com/k1LoW/tbls/schema/yaml.go:217.2,221.36 3 0
github.com/k1LoW/tbls/schema/yaml.go:221.36,225.3 1 0
github.com/k1LoW/tbls/schema/yaml.go:226.2,227.16 2 0
github.com/k1LoW/tbls/schema/yaml.go:227.16,229.3 1 0
github.com/k1LoW/tbls/schema/yaml.go:230.2,232.12 3 0
